Archive member included to satisfy reference by file (symbol)

c:/nxp/mcuxpressoide_11.6.0_8187/ide/plugins/com.nxp.mcuxpresso.tools.win32_11.6.0.202112161359/tools/bin/../lib/gcc/arm-none-eabi/10.3.1/../../../../arm-none-eabi/lib/thumb/v7e-m+fp/hard\libcr_nohost_nf.a(_cr__main.o)
                              ./startup/startup_mk66f18.o (__main)
c:/nxp/mcuxpressoide_11.6.0_8187/ide/plugins/com.nxp.mcuxpresso.tools.win32_11.6.0.202112161359/tools/bin/../lib/gcc/arm-none-eabi/10.3.1/../../../../arm-none-eabi/lib/thumb/v7e-m+fp/hard\libcr_nohost_nf.a(_cr_assert.o)
                              ./source/FTM_pwm.o (__assertion_failed)
c:/nxp/mcuxpressoide_11.6.0_8187/ide/plugins/com.nxp.mcuxpresso.tools.win32_11.6.0.202112161359/tools/bin/../lib/gcc/arm-none-eabi/10.3.1/../../../../arm-none-eabi/lib/thumb/v7e-m+fp/hard\libcr_nohost_nf.a(__ciob.o)
                              c:/nxp/mcuxpressoide_11.6.0_8187/ide/plugins/com.nxp.mcuxpresso.tools.win32_11.6.0.202112161359/tools/bin/../lib/gcc/arm-none-eabi/10.3.1/../../../../arm-none-eabi/lib/thumb/v7e-m+fp/hard\libcr_nohost_nf.a(_cr_assert.o) (__Ciob)
c:/nxp/mcuxpressoide_11.6.0_8187/ide/plugins/com.nxp.mcuxpresso.tools.win32_11.6.0.202112161359/tools/bin/../lib/gcc/arm-none-eabi/10.3.1/../../../../arm-none-eabi/lib/thumb/v7e-m+fp/hard\libcr_nohost_nf.a(__sys_appexit.o)
                              c:/nxp/mcuxpressoide_11.6.0_8187/ide/plugins/com.nxp.mcuxpresso.tools.win32_11.6.0.202112161359/tools/bin/../lib/gcc/arm-none-eabi/10.3.1/../../../../arm-none-eabi/lib/thumb/v7e-m+fp/hard\libcr_nohost_nf.a(_cr_assert.o) (__sys_appexit)
c:/nxp/mcuxpressoide_11.6.0_8187/ide/plugins/com.nxp.mcuxpresso.tools.win32_11.6.0.202112161359/tools/bin/../lib/gcc/arm-none-eabi/10.3.1/../../../../arm-none-eabi/lib/thumb/v7e-m+fp/hard\libcr_c.a(memcpy.o)
                              ./utilities/fsl_str.o (memcpy)
c:/nxp/mcuxpressoide_11.6.0_8187/ide/plugins/com.nxp.mcuxpresso.tools.win32_11.6.0.202112161359/tools/bin/../lib/gcc/arm-none-eabi/10.3.1/../../../../arm-none-eabi/lib/thumb/v7e-m+fp/hard\libcr_c.a(memset.o)
                              ./utilities/fsl_debug_console.o (memset)
c:/nxp/mcuxpressoide_11.6.0_8187/ide/plugins/com.nxp.mcuxpresso.tools.win32_11.6.0.202112161359/tools/bin/../lib/gcc/arm-none-eabi/10.3.1/../../../../arm-none-eabi/lib/thumb/v7e-m+fp/hard\libcr_c.a(_deferredlazyseek.o)
                              c:/nxp/mcuxpressoide_11.6.0_8187/ide/plugins/com.nxp.mcuxpresso.tools.win32_11.6.0.202112161359/tools/bin/../lib/gcc/arm-none-eabi/10.3.1/../../../../arm-none-eabi/lib/thumb/v7e-m+fp/hard\libcr_nohost_nf.a(_cr_assert.o) (__flsbuf)
c:/nxp/mcuxpressoide_11.6.0_8187/ide/plugins/com.nxp.mcuxpresso.tools.win32_11.6.0.202112161359/tools/bin/../lib/gcc/arm-none-eabi/10.3.1/../../../../arm-none-eabi/lib/thumb/v7e-m+fp/hard\libcr_c.a(_fflush.o)
                              c:/nxp/mcuxpressoide_11.6.0_8187/ide/plugins/com.nxp.mcuxpresso.tools.win32_11.6.0.202112161359/tools/bin/../lib/gcc/arm-none-eabi/10.3.1/../../../../arm-none-eabi/lib/thumb/v7e-m+fp/hard\libcr_c.a(_deferredlazyseek.o) (_fflush)
c:/nxp/mcuxpressoide_11.6.0_8187/ide/plugins/com.nxp.mcuxpresso.tools.win32_11.6.0.202112161359/tools/bin/../lib/gcc/arm-none-eabi/10.3.1/../../../../arm-none-eabi/lib/thumb/v7e-m+fp/hard\libcr_c.a(_writebuf.o)
                              c:/nxp/mcuxpressoide_11.6.0_8187/ide/plugins/com.nxp.mcuxpresso.tools.win32_11.6.0.202112161359/tools/bin/../lib/gcc/arm-none-eabi/10.3.1/../../../../arm-none-eabi/lib/thumb/v7e-m+fp/hard\libcr_c.a(_deferredlazyseek.o) (_Cwritebuf)
c:/nxp/mcuxpressoide_11.6.0_8187/ide/plugins/com.nxp.mcuxpresso.tools.win32_11.6.0.202112161359/tools/bin/../lib/gcc/arm-none-eabi/10.3.1/../../../../arm-none-eabi/lib/thumb/v7e-m+fp/hard\libcr_c.a(alloc.o)
                              ./drivers/fsl_common.o (malloc)
c:/nxp/mcuxpressoide_11.6.0_8187/ide/plugins/com.nxp.mcuxpresso.tools.win32_11.6.0.202112161359/tools/bin/../lib/gcc/arm-none-eabi/10.3.1/../../../../arm-none-eabi/lib/thumb/v7e-m+fp/hard\libcr_c.a(errno.o)
                              ./utilities/fsl_str.o (errno)
c:/nxp/mcuxpressoide_11.6.0_8187/ide/plugins/com.nxp.mcuxpresso.tools.win32_11.6.0.202112161359/tools/bin/../lib/gcc/arm-none-eabi/10.3.1/../../../../arm-none-eabi/lib/thumb/v7e-m+fp/hard\libcr_c.a(fputs.o)
                              c:/nxp/mcuxpressoide_11.6.0_8187/ide/plugins/com.nxp.mcuxpresso.tools.win32_11.6.0.202112161359/tools/bin/../lib/gcc/arm-none-eabi/10.3.1/../../../../arm-none-eabi/lib/thumb/v7e-m+fp/hard\libcr_nohost_nf.a(_cr_assert.o) (fputs)
c:/nxp/mcuxpressoide_11.6.0_8187/ide/plugins/com.nxp.mcuxpresso.tools.win32_11.6.0.202112161359/tools/bin/../lib/gcc/arm-none-eabi/10.3.1/../../../../arm-none-eabi/lib/thumb/v7e-m+fp/hard\libcr_c.a(fseek.o)
[...]
Memory Configuration

Name             Origin             Length             Attributes
PROGRAM_FLASH    0x00000000         0x00200000         xr
SRAM_UPPER       0x20000000         0x00030000         xrw
SRAM_LOWER       0x1fff0000         0x00010000         xrw
FLEX_RAM         0x14000000         0x00001000         xrw
*default*        0x00000000         0xffffffff

Linker script and memory map

LOAD ./utilities/fsl_debug_console.o
LOAD ./utilities/fsl_str.o
LOAD ./startup/startup_mk66f18.o
LOAD ./source/FTM_pwm.o
LOAD ./source/LCD_nokia.o
LOAD ./source/LCD_nokia_images.o
LOAD ./source/MUSIC_album.o
LOAD ./source/MUSIC_gen.o
LOAD ./source/SPI.o
LOAD ./source/Tamagotchi_char.o
LOAD ./source/Tamagotchi_skin.o
LOAD ./source/main.o
LOAD ./source/semihost_hardfault.o
LOAD ./freertos/freertos_kernel/portable/MemMang/heap_4.o
LOAD ./freertos/freertos_kernel/portable/GCC/ARM_CM4F/port.o
LOAD ./freertos/freertos_kernel/croutine.o
LOAD ./freertos/freertos_kernel/event_groups.o
LOAD ./freertos/freertos_kernel/list.o
LOAD ./freertos/freertos_kernel/queue.o
LOAD ./freertos/freertos_kernel/stream_buffer.o
LOAD ./freertos/freertos_kernel/tasks.o
LOAD ./freertos/freertos_kernel/timers.o
LOAD ./drivers/fsl_clock.o
LOAD ./drivers/fsl_common.o
LOAD ./drivers/fsl_common_arm.o
LOAD ./drivers/fsl_dspi.o
LOAD ./drivers/fsl_ftm.o
LOAD ./drivers/fsl_gpio.o
LOAD ./drivers/fsl_i2c.o
LOAD ./drivers/fsl_rtc.o
LOAD ./drivers/fsl_smc.o
LOAD ./drivers/fsl_uart.o
LOAD ./device/system_MK66F18.o
LOAD ./component/uart/fsl_adapter_uart.o
LOAD ./component/serial_manager/fsl_component_serial_manager.o
LOAD ./component/serial_manager/fsl_component_serial_port_uart.o
LOAD ./component/lists/fsl_component_generic_list.o
LOAD ./board/board.o
LOAD ./board/clock_config.o
LOAD ./board/peripherals.o
LOAD ./board/pin_mux.o
START GROUP
LOAD c:/nxp/mcuxpressoide_11.6.0_8187/ide/plugins/com.nxp.mcuxpresso.tools.win32_11.6.0.202112161359/tools/bin/../lib/gcc/arm-none-eabi/10.3.1/../../../../arm-none-eabi/lib/thumb/v7e-m+fp/hard\libcr_nohost_nf.a
LOAD c:/nxp/mcuxpressoide_11.6.0_8187/ide/plugins/com.nxp.mcuxpresso.tools.win32_11.6.0.202112161359/tools/bin/../lib/gcc/arm-none-eabi/10.3.1/../../../../arm-none-eabi/lib/thumb/v7e-m+fp/hard\libcr_c.a
LOAD c:/nxp/mcuxpressoide_11.6.0_8187/ide/plugins/com.nxp.mcuxpresso.tools.win32_11.6.0.202112161359/tools/bin/../lib/gcc/arm-none-eabi/10.3.1/thumb/v7e-m+fp/hard\libcr_eabihelpers.a
LOAD c:/nxp/mcuxpressoide_11.6.0_8187/ide/plugins/com.nxp.mcuxpresso.tools.win32_11.6.0.202112161359/tools/bin/../lib/gcc/arm-none-eabi/10.3.1/thumb/v7e-m+fp/hard\libgcc.a
END GROUP
                0x00000000                __base_PROGRAM_FLASH = 0x0
                0x00000000                __base_Flash = 0x0
                0x00200000                __top_PROGRAM_FLASH = 0x200000
                0x00200000                __top_Flash = 0x200000
                0x20000000                __base_SRAM_UPPER = 0x20000000
                0x20000000                __base_RAM = 0x20000000
                0x20030000                __top_SRAM_UPPER = 0x20030000
                0x20030000                __top_RAM = 0x20030000
                0x1fff0000                __base_SRAM_LOWER = 0x1fff0000
                0x1fff0000                __base_RAM2 = 0x1fff0000
                0x20000000                __top_SRAM_LOWER = 0x20000000
                0x20000000                __top_RAM2 = 0x20000000
                0x14000000                __base_FLEX_RAM = 0x14000000
                0x14000000                __base_RAM3 = 0x14000000
                0x14001000                __top_FLEX_RAM = 0x14001000
                0x14001000                __top_RAM3 = 0x14001000

.text           0x00000000     0x7870
 FILL mask 0xff
                0x00000000                __vectors_start__ = ABSOLUTE (.)
 *(SORT_BY_ALIGNMENT(.isr_vector))
 .isr_vector    0x00000000      0x1d0 ./startup/startup_mk66f18.o
                0x00000000                g_pfnVectors
                0x00000000                __Vectors
                0x000001d0                . = ALIGN (0x4)
                0x000001d0                __section_table_start = .
                0x000001d0                __data_section_table = .
                0x000001d0        0x4 LONG 0x7870 LOADADDR (.data)
                0x000001d4        0x4 LONG 0x20000000 ADDR (.data)
                0x000001d8        0x4 LONG 0x380 SIZEOF (.data)
                0x000001dc        0x4 LONG 0x7870 LOADADDR (.data_RAM2)
                0x000001e0        0x4 LONG 0x1fff0000 ADDR (.data_RAM2)
                0x000001e4        0x4 LONG 0x0 SIZEOF (.data_RAM2)
                0x000001e8        0x4 LONG 0x7870 LOADADDR (.data_RAM3)
                0x000001ec        0x4 LONG 0x14000000 ADDR (.data_RAM3)
                0x000001f0        0x4 LONG 0x0 SIZEOF (.data_RAM3)
                0x000001f4                __data_section_table_end = .
                0x000001f4                __bss_section_table = .
                0x000001f4        0x4 LONG 0x20000380 ADDR (.bss)
                0x000001f8        0x4 LONG 0x2af8 SIZEOF (.bss)
                0x000001fc        0x4 LONG 0x1fff0000 ADDR (.bss_RAM2)
                0x00000200        0x4 LONG 0x0 SIZEOF (.bss_RAM2)
                0x00000204        0x4 LONG 0x14000000 ADDR (.bss_RAM3)
                0x00000208        0x4 LONG 0x0 SIZEOF (.bss_RAM3)
                0x0000020c                __bss_section_table_end = .
                0x0000020c                __section_table_end = .
 *(SORT_BY_ALIGNMENT(.after_vectors*))
 .after_vectors.reset
                0x0000020c       0x4c ./startup/startup_mk66f18.o
                0x0000020c                ResetISR
 .after_vectors.init_data
                0x00000258       0x1e ./startup/startup_mk66f18.o
                0x00000258                data_init
 .after_vectors.init_bss
                0x00000276       0x12 ./startup/startup_mk66f18.o
                0x00000276                bss_init
 .after_vectors
                0x00000288       0x14 ./startup/startup_mk66f18.o
                0x00000288                NMI_Handler
                0x0000028c                MemManage_Handler
                0x0000028e                BusFault_Handler
                0x00000290                UsageFault_Handler
                0x00000294                DebugMon_Handler
                0x0000029a                DMA_Error_DriverIRQHandler
                0x0000029a                FTM1_DriverIRQHandler
                0x0000029a                FTM2_DriverIRQHandler
                0x0000029a                PIT2_DriverIRQHandler
                0x0000029a                TPM2_DriverIRQHandler
                0x0000029a                SDHC_DriverIRQHandler
                0x0000029a                DMA7_DMA23_DriverIRQHandler
                0x0000029a                I2S0_Tx_DriverIRQHandler
                0x0000029a                TSI0_DriverIRQHandler
                0x0000029a                RTC_Seconds_DriverIRQHandler
                0x0000029a                CMP3_DriverIRQHandler
                0x0000029a                LLWU_DriverIRQHandler
                0x0000029a                MCM_DriverIRQHandler
                0x0000029a                DMA14_DMA30_DriverIRQHandler
                0x0000029a                MCG_DriverIRQHandler
                0x0000029a                ENET_1588_Timer_DriverIRQHandler
                0x0000029a                DAC1_DriverIRQHandler
                0x0000029a                LPTMR0_DriverIRQHandler
                0x0000029a                CMP1_DriverIRQHandler
                0x0000029a                USBHSDCD_DriverIRQHandler
                0x0000029a                DMA0_DMA16_DriverIRQHandler
                0x0000029a                FTM0_DriverIRQHandler
                0x0000029a                IntDefaultHandler
                0x0000029a                USB0_DriverIRQHandler
                0x0000029a                PORTC_DriverIRQHandler
                0x0000029a                DMA2_DMA18_DriverIRQHandler
                0x0000029a                DAC0_DriverIRQHandler
                0x0000029a                CMP2_DriverIRQHandler
                0x0000029a                UART2_ERR_DriverIRQHandler
                0x0000029a                LVD_LVW_DriverIRQHandler
                0x0000029a                Reserved84_DriverIRQHandler
                0x0000029a                PIT0_DriverIRQHandler
                0x0000029a                RNG_DriverIRQHandler
                0x0000029a                PORTB_DriverIRQHandler
                0x0000029a                UART3_ERR_DriverIRQHandler
                0x0000029a                DMA12_DMA28_DriverIRQHandler
                0x0000029a                DMA10_DMA26_DriverIRQHandler
                0x0000029a                UART0_ERR_DriverIRQHandler
                0x0000029a                CMT_DriverIRQHandler
                0x0000029a                Reserved71_DriverIRQHandler
                0x0000029a                ADC1_DriverIRQHandler
                0x0000029a                PORTA_DriverIRQHandler
                0x0000029a                DMA1_DMA17_DriverIRQHandler
                0x0000029a                PIT3_DriverIRQHandler
                0x0000029a                PIT1_DriverIRQHandler
                0x0000029a                TPM1_DriverIRQHandler
                0x0000029a                WDOG_EWM_DriverIRQHandler
                0x0000029a                PDB0_DriverIRQHandler
                0x0000029a                DMA8_DMA24_DriverIRQHandler
                0x0000029a                DMA6_DMA22_DriverIRQHandler
                0x0000029a                RTC_DriverIRQHandler
                0x0000029a                I2S0_Rx_DriverIRQHandler
                0x0000029a                Read_Collision_DriverIRQHandler
                0x0000029a                SWI_DriverIRQHandler
                0x0000029a                UART4_ERR_DriverIRQHandler
                0x0000029a                DMA13_DMA29_DriverIRQHandler
                0x0000029a                DMA11_DMA27_DriverIRQHandler
                0x0000029a                DMA4_DMA20_DriverIRQHandler
                0x0000029a                DMA9_DMA25_DriverIRQHandler
                0x0000029a                ENET_Receive_DriverIRQHandler
                0x0000029a                DMA3_DMA19_DriverIRQHandler
                0x0000029a                ENET_Error_DriverIRQHandler
                0x0000029a                LPUART0_DriverIRQHandler
                0x0000029a                Reserved85_DriverIRQHandler
                0x0000029a                ADC0_DriverIRQHandler
                0x0000029a                USBHS_DriverIRQHandler
                0x0000029a                CMP0_DriverIRQHandler
                0x0000029a                CAN0_DriverIRQHandler
                0x0000029a                FTM3_DriverIRQHandler
                0x0000029a                DMA5_DMA21_DriverIRQHandler
                0x0000029a                USBDCD_DriverIRQHandler
                0x0000029a                DMA15_DMA31_DriverIRQHandler
                0x0000029a                UART1_ERR_DriverIRQHandler
                0x0000029a                ENET_Transmit_DriverIRQHandler
                0x0000029a                PORTD_DriverIRQHandler
                0x0000029a                Reserved46_DriverIRQHandler
                0x0000029a                PORTE_DriverIRQHandler
                0x0000029a                FTFE_DriverIRQHandler
                0x0000029a                CAN1_DriverIRQHandler
                0x00000400                . = 0x400
 *fill*         0x0000029c      0x164 ff
                0x00000400                PROVIDE (__FLASH_CONFIG_START__ = .)
 *(SORT_BY_ALIGNMENT(.FlashConfig))
 .FlashConfig   0x00000400       0x10 ./startup/startup_mk66f18.o
                0x00000400                Flash_Config
                0x00000410                PROVIDE (__FLASH_CONFIG_END__ = .)
                0x00000001                ASSERT (! ((__FLASH_CONFIG_START__ == __FLASH_CONFIG_END__)), Linker Flash Config Support Enabled, but no .FlashConfig section provided within application)
 *(SORT_BY_ALIGNMENT(.text*))
 .text.SVC_Handler
                0x00000410       0x28 ./freertos/freertos_kernel/portable/GCC/ARM_CM4F/port.o
                0x00000410                SVC_Handler
 *fill*         0x00000438        0x8 ff
 .text.PendSV_Handler
                0x00000440       0x68 ./freertos/freertos_kernel/portable/GCC/ARM_CM4F/port.o
                0x00000440                PendSV_Handler
 .text.DbgConsole_SendDataReliable
                0x000004a8       0x54 ./utilities/fsl_debug_console.o
                0x000004a8                DbgConsole_SendDataReliable
 .text.DbgConsole_Vprintf
                0x000004fc       0x6c ./utilities/fsl_debug_console.o
                0x000004fc                DbgConsole_Vprintf
 .text.FTM_CalculateCounterClkDiv
                0x00000568       0x74 ./source/FTM_pwm.o
 .text.FTM_pwm_init_detailed
                0x000005dc       0x84 ./source/FTM_pwm.o
                0x000005dc                FTM_pwm_init_detailed
 .text.FTM_pwm_update
                0x00000660       0x80 ./source/FTM_pwm.o
                0x00000660                FTM_pwm_update
 .text.LCD_nokia_init
                0x000006e0       0xb0 ./source/LCD_nokia.o
                0x000006e0                LCD_nokia_init
 .text.LCD_nokia_write_byte
                0x00000790       0x7c ./source/LCD_nokia.o
                0x00000790                LCD_nokia_write_byte
 .text.PORT_SetPinConfig
                0x0000080c       0x38 ./source/MUSIC_gen.o
 .text.MUSIC_initialize
                0x00000844       0x50 ./source/MUSIC_gen.o
                0x00000844                MUSIC_initialize
 .text.MUSIC_pnote
                0x00000894       0x2c ./source/MUSIC_gen.o
                0x00000894                MUSIC_pnote
 .text.MUSIC_changeSong
                0x000008c0       0x34 ./source/MUSIC_gen.o
                0x000008c0                MUSIC_changeSong
 .text.MUSIC_playback
                0x000008f4       0x78 ./source/MUSIC_gen.o
                0x000008f4                MUSIC_playback
 .text.CLOCK_SetSimSafeDivs
                0x0000096c       0x24 ./source/SPI.o
 .text.SPI_config
                0x00000990       0xa4 ./source/SPI.o
                0x00000990                SPI_config
 .text.TAMAGOTCHI_FSM_sequency
                0x00000a34      0x224 ./source/Tamagotchi_char.o
                0x00000a34                TAMAGOTCHI_FSM_sequency
 .text.tamagotchi_print
                0x00000c58       0x98 ./source/Tamagotchi_char.o
                0x00000c58                tamagotchi_print
 .text.tamagotchi_clear
                0x00000cf0       0x68 ./source/Tamagotchi_char.o
                0x00000cf0                tamagotchi_clear
 .text.tamagotchi_move_add
                0x00000d58       0x40 ./source/Tamagotchi_char.o
                0x00000d58                tamagotchi_move_add
 .text.tamagotchi_random_move
                0x00000d98       0x9c ./source/Tamagotchi_char.o
                0x00000d98                tamagotchi_random_move
 .text.tamagotchi_set_pet
                0x00000e34       0x28 ./source/Tamagotchi_char.o
                0x00000e34                tamagotchi_set_pet
 .text.tamagotchi_set_emotion
                0x00000e5c       0x20 ./source/Tamagotchi_char.o
                0x00000e5c                tamagotchi_set_emotion
 .text.music_task
                0x00000e7c       0x24 ./source/main.o
                0x00000e7c                music_task
 .text.initialize
                0x00000ea0       0x34 ./source/main.o
                0x00000ea0                initialize
 .text.Tamagotchi_char
                0x00000ed4       0x44 ./source/main.o
                0x00000ed4                Tamagotchi_char
 .text.main     0x00000f18       0x6c ./source/main.o
                0x00000f18                main
 .text.pvPortMalloc
                0x00000f84      0x1c0 ./freertos/freertos_kernel/portable/MemMang/heap_4.o
                0x00000f84                pvPortMalloc
 .text.vPortFree
                0x00001144       0xc4 ./freertos/freertos_kernel/portable/MemMang/heap_4.o
                0x00001144                vPortFree
 .text.prvHeapInit
                0x00001208       0xc4 ./freertos/freertos_kernel/portable/MemMang/heap_4.o
 .text.prvInsertBlockIntoFreeList
                0x000012cc       0xb4 ./freertos/freertos_kernel/portable/MemMang/heap_4.o
 .text.pxPortInitialiseStack
                0x00001380       0x68 ./freertos/freertos_kernel/portable/GCC/ARM_CM4F/port.o
                0x00001380                pxPortInitialiseStack
 .text.prvTaskExitError
                0x000013e8       0x58 ./freertos/freertos_kernel/portable/GCC/ARM_CM4F/port.o
 .text.prvPortStartFirstTask
                0x00001440       0x2c ./freertos/freertos_kernel/portable/GCC/ARM_CM4F/port.o
 .text.xPortStartScheduler
                0x0000146c      0x144 ./freertos/freertos_kernel/portable/GCC/ARM_CM4F/port.o
                0x0000146c                xPortStartScheduler
 .text.vPortEnterCritical
                0x000015b0       0x60 ./freertos/freertos_kernel/portable/GCC/ARM_CM4F/port.o
                0x000015b0                vPortEnterCritical
 .text.vPortExitCritical
                0x00001610       0x54 ./freertos/freertos_kernel/portable/GCC/ARM_CM4F/port.o
                0x00001610                vPortExitCritical
 .text.SysTick_Handler
                0x00001664       0x44 ./freertos/freertos_kernel/portable/GCC/ARM_CM4F/port.o
                0x00001664                SysTick_Handler
 .text.vPortSetupTimerInterrupt
                0x000016a8       0x48 ./freertos/freertos_kernel/portable/GCC/ARM_CM4F/port.o
                0x000016a8                vPortSetupTimerInterrupt
 .text.vPortEnableVFP
                0x000016f0       0x18 ./freertos/freertos_kernel/portable/GCC/ARM_CM4F/port.o
 .text.vPortValidateInterruptPriority
                0x00001708       0x80 ./freertos/freertos_kernel/portable/GCC/ARM_CM4F/port.o
                0x00001708                vPortValidateInterruptPriority
 .text.xQueueGenericReset
                0x00001788       0xd0 ./freertos/freertos_kernel/queue.o
                0x00001788                xQueueGenericReset
 .text.xQueueGenericSend
                0x00001858      0x1fc ./freertos/freertos_kernel/queue.o
                0x00001858                xQueueGenericSend
 .text.xQueueReceive
                0x00001a54      0x1c0 ./freertos/freertos_kernel/queue.o
                0x00001a54                xQueueReceive
 .text.xQueueSemaphoreTake
                0x00001c14      0x21c ./freertos/freertos_kernel/queue.o
                0x00001c14                xQueueSemaphoreTake
 .text.vQueueAddToRegistry
                0x00001e30       0x54 ./freertos/freertos_kernel/queue.o
                0x00001e30                vQueueAddToRegistry
 .text.prvAddNewTaskToReadyList
                0x00001e84       0xdc ./freertos/freertos_kernel/tasks.o
 .text.vTaskDelay
                0x00001f60       0x68 ./freertos/freertos_kernel/tasks.o
                0x00001f60                vTaskDelay
 .text.vTaskSuspend
                0x00001fc8      0x140 ./freertos/freertos_kernel/tasks.o
                0x00001fc8                vTaskSuspend
 .text.vTaskStartScheduler
                0x00002108       0xa4 ./freertos/freertos_kernel/tasks.o
                0x00002108                vTaskStartScheduler
 .text.vTaskSuspendAll
                0x000021ac       0x1c ./freertos/freertos_kernel/tasks.o
                0x000021ac                vTaskSuspendAll
 .text.xTaskResumeAll
                0x000021c8      0x138 ./freertos/freertos_kernel/tasks.o
                0x000021c8                xTaskResumeAll
 .text.xTaskGetTickCount
                0x00002300       0x20 ./freertos/freertos_kernel/tasks.o
                0x00002300                xTaskGetTickCount
 .text.xTaskIncrementTick
                0x00002320      0x154 ./freertos/freertos_kernel/tasks.o
                0x00002320                xTaskIncrementTick
 .text.vTaskSwitchContext
                0x00002474       0xb8 ./freertos/freertos_kernel/tasks.o
                0x00002474                vTaskSwitchContext
 .text.vTaskPlaceOnEventList
                0x0000252c       0x48 ./freertos/freertos_kernel/tasks.o
                0x0000252c                vTaskPlaceOnEventList
 .text.vTaskPlaceOnEventListRestricted
                0x00002574       0x58 ./freertos/freertos_kernel/tasks.o
                0x00002574                vTaskPlaceOnEventListRestricted
 .text.xTaskRemoveFromEventList
                0x000025cc       0xc4 ./freertos/freertos_kernel/tasks.o
                0x000025cc                xTaskRemoveFromEventList
 .text.vTaskInternalSetTimeOutState
                0x00002690       0x2c ./freertos/freertos_kernel/tasks.o
                0x00002690                vTaskInternalSetTimeOutState
 .text.xTaskCheckForTimeOut
                0x000026bc       0xcc ./freertos/freertos_kernel/tasks.o
                0x000026bc                xTaskCheckForTimeOut
 .text.vTaskMissedYield
                0x00002788       0x18 ./freertos/freertos_kernel/tasks.o
                0x00002788                vTaskMissedYield
 .text.prvIdleTask
                0x000027a0       0x30 ./freertos/freertos_kernel/tasks.o
 .text.prvInitialiseTaskLists
                0x000027d0       0x80 ./freertos/freertos_kernel/tasks.o
 .text.prvCheckTasksWaitingTermination
                0x00002850       0x5c ./freertos/freertos_kernel/tasks.o
 .text.prvResetNextTaskUnblockTime
                0x000028ac       0x38 ./freertos/freertos_kernel/tasks.o
 .text.xTaskGetSchedulerState
                0x000028e4       0x3c ./freertos/freertos_kernel/tasks.o
                0x000028e4                xTaskGetSchedulerState
 .text.xTaskPriorityInherit
                0x00002920       0xec ./freertos/freertos_kernel/tasks.o
                0x00002920                xTaskPriorityInherit
 .text.xTaskPriorityDisinherit
                0x00002a0c       0xf4 ./freertos/freertos_kernel/tasks.o
                0x00002a0c                xTaskPriorityDisinherit
 .text.vTaskPriorityDisinheritAfterTimeout
                0x00002b00      0x11c ./freertos/freertos_kernel/tasks.o
                0x00002b00                vTaskPriorityDisinheritAfterTimeout
 .text.pvTaskIncrementMutexHeldCount
                0x00002c1c       0x28 ./freertos/freertos_kernel/tasks.o
                0x00002c1c                pvTaskIncrementMutexHeldCount
 .text.prvAddCurrentTaskToDelayedList
                0x00002c44       0xcc ./freertos/freertos_kernel/tasks.o
 .text.xTimerCreateTimerTask
                0x00002d10       0x64 ./freertos/freertos_kernel/timers.o
                0x00002d10                xTimerCreateTimerTask
 .text.xTimerGenericCommand
                0x00002d74       0x9c ./freertos/freertos_kernel/timers.o
                0x00002d74                xTimerGenericCommand
 .text.prvProcessExpiredTimer
                0x00002e10       0x98 ./freertos/freertos_kernel/timers.o
 .text.prvProcessTimerOrBlockTask
                0x00002ea8       0x9c ./freertos/freertos_kernel/timers.o
 .text.prvGetNextExpireTime
                0x00002f44       0x48 ./freertos/freertos_kernel/timers.o
 .text.prvSampleTimeNow
                0x00002f8c       0x40 ./freertos/freertos_kernel/timers.o
 .text.prvInsertTimerInActiveList
                0x00002fcc       0x84 ./freertos/freertos_kernel/timers.o
 .text.prvProcessReceivedCommands
                0x00003050      0x1c4 ./freertos/freertos_kernel/timers.o
 .text.prvSwitchTimerLists
                0x00003214       0xc8 ./freertos/freertos_kernel/timers.o
 .text.prvCheckForValidListAndQueue
                0x000032dc       0x6c ./freertos/freertos_kernel/timers.o
 .text.CLOCK_GetMcgExtClkFreq
                0x00003348       0x7c ./drivers/fsl_clock.o
 .text.CLOCK_GetFllExtRefClkFreq
                0x000033c4       0xb0 ./drivers/fsl_clock.o
 .text.CLOCK_GetInternalRefClkSelectFreq
                0x00003474       0x4c ./drivers/fsl_clock.o
 .text.CLOCK_GetFllRefClkFreq
                0x000034c0       0x34 ./drivers/fsl_clock.o
 .text.CLOCK_GetOsc0ErClkUndivFreq
                0x000034f4       0x44 ./drivers/fsl_clock.o
                0x000034f4                CLOCK_GetOsc0ErClkUndivFreq
 .text.CLOCK_GetOsc0ErClkDivFreq
                0x00003538       0x58 ./drivers/fsl_clock.o
                0x00003538                CLOCK_GetOsc0ErClkDivFreq
 .text.CLOCK_GetEr32kClkFreq
                0x00003590       0x74 ./drivers/fsl_clock.o
                0x00003590                CLOCK_GetEr32kClkFreq
 .text.CLOCK_GetPllFllSelClkFreq
                0x00003604       0x90 ./drivers/fsl_clock.o
                0x00003604                CLOCK_GetPllFllSelClkFreq
 .text.CLOCK_GetFreq
                0x00003694      0x148 ./drivers/fsl_clock.o
                0x00003694                CLOCK_GetFreq
 .text.CLOCK_GetOutClkFreq
                0x000037dc       0x90 ./drivers/fsl_clock.o
                0x000037dc                CLOCK_GetOutClkFreq
 .text.CLOCK_GetFllFreq
                0x0000386c       0x84 ./drivers/fsl_clock.o
                0x0000386c                CLOCK_GetFllFreq
 .text.CLOCK_GetInternalRefClkFreq
                0x000038f0       0x30 ./drivers/fsl_clock.o
                0x000038f0                CLOCK_GetInternalRefClkFreq
 .text.CLOCK_GetPll0Freq
                0x00003920       0x7c ./drivers/fsl_clock.o
                0x00003920                CLOCK_GetPll0Freq
 .text.CLOCK_GetExtPllFreq
                0x0000399c       0x18 ./drivers/fsl_clock.o
                0x0000399c                CLOCK_GetExtPllFreq
 .text.DSPI_GetInstance
                0x000039b4       0x4c ./drivers/fsl_dspi.o
                0x000039b4                DSPI_GetInstance
 .text.DSPI_GetDummyDataInstance
                0x00003a00       0x24 ./drivers/fsl_dspi.o
                0x00003a00                DSPI_GetDummyDataInstance
 .text.DSPI_SetDummyData
                0x00003a24       0x2c ./drivers/fsl_dspi.o
                0x00003a24                DSPI_SetDummyData
 .text.DSPI_MasterInit
                0x00003a50      0x16c ./drivers/fsl_dspi.o
                0x00003a50                DSPI_MasterInit
 .text.DSPI_MasterSetBaudRate
                0x00003bbc      0x12c ./drivers/fsl_dspi.o
                0x00003bbc                DSPI_MasterSetBaudRate
 .text.DSPI_MasterSetDelayScaler
                0x00003ce8       0xe8 ./drivers/fsl_dspi.o
                0x00003ce8                DSPI_MasterSetDelayScaler
 .text.DSPI_MasterSetDelayTimes
                0x00003dd0      0x130 ./drivers/fsl_dspi.o
                0x00003dd0                DSPI_MasterSetDelayTimes
 .text.DSPI_MasterTransferBlocking
                0x00003f00      0x488 ./drivers/fsl_dspi.o
                0x00003f00                DSPI_MasterTransferBlocking
 .text.DSPI_CommonIRQHandler
                0x00004388       0x44 ./drivers/fsl_dspi.o
 .text.SPI0_DriverIRQHandler
                0x000043cc       0x30 ./drivers/fsl_dspi.o
                0x000043cc                SPI0_DriverIRQHandler
 .text.SPI1_DriverIRQHandler
                0x000043fc       0x30 ./drivers/fsl_dspi.o
                0x000043fc                SPI1_DriverIRQHandler
 .text.SPI2_DriverIRQHandler
                0x0000442c       0x30 ./drivers/fsl_dspi.o
                0x0000442c                SPI2_DriverIRQHandler
 .text.FTM_GetInstance
                0x0000445c       0x54 ./drivers/fsl_ftm.o
 .text.FTM_SetPwmSync
                0x000044b0      0x140 ./drivers/fsl_ftm.o
 .text.FTM_SetReloadPoints
                0x000045f0      0x138 ./drivers/fsl_ftm.o
 .text.FTM_Init
                0x00004728       0xf4 ./drivers/fsl_ftm.o
                0x00004728                FTM_Init
 .text.FTM_GetDefaultConfig
                0x0000481c       0x74 ./drivers/fsl_ftm.o
                0x0000481c                FTM_GetDefaultConfig
 .text.FTM_SetupPwm
                0x00004890      0x334 ./drivers/fsl_ftm.o
                0x00004890                FTM_SetupPwm
 .text.GPIO_PinInit
                0x00004bc4       0x64 ./drivers/fsl_gpio.o
                0x00004bc4                GPIO_PinInit
 .text.I2C_TransferCommonIRQHandler
                0x00004c28       0x58 ./drivers/fsl_i2c.o
 .text.I2C0_DriverIRQHandler
                0x00004c80       0x1c ./drivers/fsl_i2c.o
                0x00004c80                I2C0_DriverIRQHandler
 .text.I2C1_DriverIRQHandler
                0x00004c9c       0x1c ./drivers/fsl_i2c.o
                0x00004c9c                I2C1_DriverIRQHandler
 .text.I2C2_DriverIRQHandler
                0x00004cb8       0x1c ./drivers/fsl_i2c.o
                0x00004cb8                I2C2_DriverIRQHandler
 .text.I2C3_DriverIRQHandler
                0x00004cd4       0x1c ./drivers/fsl_i2c.o
                0x00004cd4                I2C3_DriverIRQHandler
 .text.UART0_DriverIRQHandler
                0x00004cf0       0x28 ./drivers/fsl_uart.o
                0x00004cf0                UART0_DriverIRQHandler
 .text.UART1_DriverIRQHandler
                0x00004d18       0x28 ./drivers/fsl_uart.o
                0x00004d18                UART1_DriverIRQHandler
 .text.UART2_DriverIRQHandler
                0x00004d40       0x28 ./drivers/fsl_uart.o
                0x00004d40                UART2_DriverIRQHandler
 .text.UART3_DriverIRQHandler
                0x00004d68       0x28 ./drivers/fsl_uart.o
                0x00004d68                UART3_DriverIRQHandler
 .text.UART4_DriverIRQHandler
                0x00004d90       0x28 ./drivers/fsl_uart.o
                0x00004d90                UART4_DriverIRQHandler
 .text.SystemInit
                0x00004db8       0x3c ./device/system_MK66F18.o
                0x00004db8                SystemInit
 .text.HAL_UartSendBlocking
                0x00004df4       0x64 ./component/uart/fsl_adapter_uart.o
                0x00004df4                HAL_UartSendBlocking
 .text.__assertion_failed
                0x00004e58       0x4c c:/nxp/mcuxpressoide_11.6.0_8187/ide/plugins/com.nxp.mcuxpresso.tools.win32_11.6.0.202112161359/tools/bin/../lib/gcc/arm-none-eabi/10.3.1/../../../../arm-none-eabi/lib/thumb/v7e-m+fp/hard\libcr_nohost_nf.a(_cr_assert.o)
                0x00004e58                __assertion_failed
 .text._Cwritebuf
                0x00004ea4       0x6c c:/nxp/mcuxpressoide_11.6.0_8187/ide/plugins/com.nxp.mcuxpresso.tools.win32_11.6.0.202112161359/tools/bin/../lib/gcc/arm-none-eabi/10.3.1/../../../../arm-none-eabi/lib/thumb/v7e-m+fp/hard\libcr_c.a(_writebuf.o)
                0x00004ea4                _Cwritebuf
 .text.malloc   0x00004f10       0xc8 c:/nxp/mcuxpressoide_11.6.0_8187/ide/plugins/com.nxp.mcuxpresso.tools.win32_11.6.0.202112161359/tools/bin/../lib/gcc/arm-none-eabi/10.3.1/../../../../arm-none-eabi/lib/thumb/v7e-m+fp/hard\libcr_c.a(alloc.o)
                0x00004f10                malloc
 .text._Csys_alloc
                0x00004fd8       0x20 c:/nxp/mcuxpressoide_11.6.0_8187/ide/plugins/com.nxp.mcuxpresso.tools.win32_11.6.0.202112161359/tools/bin/../lib/gcc/arm-none-eabi/10.3.1/../../../../arm-none-eabi/lib/thumb/v7e-m+fp/hard\libcr_c.a(alloc.o)
                0x00004fd8                _Csys_alloc
 .text.fseek    0x00004ff8       0xfc c:/nxp/mcuxpressoide_11.6.0_8187/ide/plugins/com.nxp.mcuxpresso.tools.win32_11.6.0.202112161359/tools/bin/../lib/gcc/arm-none-eabi/10.3.1/../../../../arm-none-eabi/lib/thumb/v7e-m+fp/hard\libcr_c.a(fseek.o)
                0x00004ff8                fseek
 .text.ftell    0x000050f4       0x44 c:/nxp/mcuxpressoide_11.6.0_8187/ide/plugins/com.nxp.mcuxpresso.tools.win32_11.6.0.202112161359/tools/bin/../lib/gcc/arm-none-eabi/10.3.1/../../../../arm-none-eabi/lib/thumb/v7e-m+fp/hard\libcr_c.a(ftell.o)
                0x000050f4                ftell
 .text._initio  0x00005138       0x78 c:/nxp/mcuxpressoide_11.6.0_8187/ide/plugins/com.nxp.mcuxpresso.tools.win32_11.6.0.202112161359/tools/bin/../lib/gcc/arm-none-eabi/10.3.1/../../../../arm-none-eabi/lib/thumb/v7e-m+fp/hard\libcr_c.a(initio.o)
                0x00005138                _initio
 .text.rand     0x000051b0       0x48 c:/nxp/mcuxpressoide_11.6.0_8187/ide/plugins/com.nxp.mcuxpresso.tools.win32_11.6.0.202112161359/tools/bin/../lib/gcc/arm-none-eabi/10.3.1/../../../../arm-none-eabi/lib/thumb/v7e-m+fp/hard\libcr_c.a(stdlib.o)
                0x000051b0                rand
 .text._sbrk    0x000051f8       0x3c c:/nxp/mcuxpressoide_11.6.0_8187/ide/plugins/com.nxp.mcuxpresso.tools.win32_11.6.0.202112161359/tools/bin/../lib/gcc/arm-none-eabi/10.3.1/../../../../arm-none-eabi/lib/thumb/v7e-m+fp/hard\libcr_c.a(_cr_sbrk.o)
                0x000051f8                _sbrk
 .text.fflush   0x00005234       0x3c c:/nxp/mcuxpressoide_11.6.0_8187/ide/plugins/com.nxp.mcuxpresso.tools.win32_11.6.0.202112161359/tools/bin/../lib/gcc/arm-none-eabi/10.3.1/../../../../arm-none-eabi/lib/thumb/v7e-m+fp/hard\libcr_c.a(fflush.o)
                0x00005234                fflush
 .text.__check_heap_overflow
                0x00005270       0x18 c:/nxp/mcuxpressoide_11.6.0_8187/ide/plugins/com.nxp.mcuxpresso.tools.win32_11.6.0.202112161359/tools/bin/../lib/gcc/arm-none-eabi/10.3.1/../../../../arm-none-eabi/lib/thumb/v7e-m+fp/hard\libcr_c.a(_cr_check_heap.o)
                0x00005270                __check_heap_overflow
 .text.DbgConsole_PrintCallback
                0x00005288       0x66 ./utilities/fsl_debug_console.o
 .text.DbgConsole_Printf
                0x000052ee       0x2c ./utilities/fsl_debug_console.o
                0x000052ee                DbgConsole_Printf
 .text.PrintGetWidth
                0x0000531a       0x6a ./utilities/fsl_str.o
 .text.PrintGetPrecision
                0x00005384       0x8c ./utilities/fsl_str.o
 .text.PrintIsobpu
                0x00005410       0x38 ./utilities/fsl_str.o
 .text.PrintIsdi
                0x00005448       0x2c ./utilities/fsl_str.o
 .text.PrintOutputdifFobpu
                0x00005474       0x44 ./utilities/fsl_str.o
 .text.PrintOutputxX
                0x000054b8       0x44 ./utilities/fsl_str.o
 .text.PrintIsfF
                0x000054fc       0x2c ./utilities/fsl_str.o
 .text.PrintIsxX
                0x00005528       0x2c ./utilities/fsl_str.o
 .text.PrintFilterLengthFlag
                0x00005554       0x3e ./utilities/fsl_str.o
 .text.PrintGetRadixFromobpu
                0x00005592       0x40 ./utilities/fsl_str.o
 .text.ConvertRadixNumToString
                0x000055d2       0xc2 ./utilities/fsl_str.o
 .text.StrFormatPrintf
                0x00005694      0x2ac ./utilities/fsl_str.o
                0x00005694                StrFormatPrintf
 .text.DMA0_DMA16_IRQHandler
                0x00005940        0x8 ./startup/startup_mk66f18.o
                0x00005940                DMA0_DMA16_IRQHandler
 .text.DMA1_DMA17_IRQHandler
                0x00005948        0x8 ./startup/startup_mk66f18.o
                0x00005948                DMA1_DMA17_IRQHandler
 .text.DMA2_DMA18_IRQHandler
                0x00005950        0x8 ./startup/startup_mk66f18.o
                0x00005950                DMA2_DMA18_IRQHandler
 .text.DMA3_DMA19_IRQHandler
                0x00005958        0x8 ./startup/startup_mk66f18.o
                0x00005958                DMA3_DMA19_IRQHandler
 .text.DMA4_DMA20_IRQHandler
                0x00005960        0x8 ./startup/startup_mk66f18.o
                0x00005960                DMA4_DMA20_IRQHandler
 .text.DMA5_DMA21_IRQHandler
                0x00005968        0x8 ./startup/startup_mk66f18.o
                0x00005968                DMA5_DMA21_IRQHandler
 .text.DMA6_DMA22_IRQHandler
                0x00005970        0x8 ./startup/startup_mk66f18.o
                0x00005970                DMA6_DMA22_IRQHandler
 .text.DMA7_DMA23_IRQHandler
                0x00005978        0x8 ./startup/startup_mk66f18.o
                0x00005978                DMA7_DMA23_IRQHandler
 .text.DMA8_DMA24_IRQHandler
                0x00005980        0x8 ./startup/startup_mk66f18.o
                0x00005980                DMA8_DMA24_IRQHandler
 .text.DMA9_DMA25_IRQHandler
                0x00005988        0x8 ./startup/startup_mk66f18.o
                0x00005988                DMA9_DMA25_IRQHandler
 .text.DMA10_DMA26_IRQHandler
                0x00005990        0x8 ./startup/startup_mk66f18.o
                0x00005990                DMA10_DMA26_IRQHandler
 .text.DMA11_DMA27_IRQHandler
                0x00005998        0x8 ./startup/startup_mk66f18.o
                0x00005998                DMA11_DMA27_IRQHandler
 .text.DMA12_DMA28_IRQHandler
                0x000059a0        0x8 ./startup/startup_mk66f18.o
                0x000059a0                DMA12_DMA28_IRQHandler
 .text.DMA13_DMA29_IRQHandler
                0x000059a8        0x8 ./startup/startup_mk66f18.o
                0x000059a8                DMA13_DMA29_IRQHandler
 .text.DMA14_DMA30_IRQHandler
                0x000059b0        0x8 ./startup/startup_mk66f18.o
                0x000059b0                DMA14_DMA30_IRQHandler
 .text.DMA15_DMA31_IRQHandler
                0x000059b8        0x8 ./startup/startup_mk66f18.o
                0x000059b8                DMA15_DMA31_IRQHandler
 .text.DMA_Error_IRQHandler
                0x000059c0        0x8 ./startup/startup_mk66f18.o
                0x000059c0                DMA_Error_IRQHandler
 .text.MCM_IRQHandler
                0x000059c8        0x8 ./startup/startup_mk66f18.o
                0x000059c8                MCM_IRQHandler
 .text.FTFE_IRQHandler
                0x000059d0        0x8 ./startup/startup_mk66f18.o
                0x000059d0                FTFE_IRQHandler
 .text.Read_Collision_IRQHandler
                0x000059d8        0x8 ./startup/startup_mk66f18.o
                0x000059d8                Read_Collision_IRQHandler
 .text.LVD_LVW_IRQHandler
                0x000059e0        0x8 ./startup/startup_mk66f18.o
                0x000059e0                LVD_LVW_IRQHandler
 .text.LLWU_IRQHandler
                0x000059e8        0x8 ./startup/startup_mk66f18.o
                0x000059e8                LLWU_IRQHandler
 .text.WDOG_EWM_IRQHandler
                0x000059f0        0x8 ./startup/startup_mk66f18.o
                0x000059f0                WDOG_EWM_IRQHandler
 .text.RNG_IRQHandler
                0x000059f8        0x8 ./startup/startup_mk66f18.o
                0x000059f8                RNG_IRQHandler
 .text.I2C0_IRQHandler
                0x00005a00        0x8 ./startup/startup_mk66f18.o
                0x00005a00                I2C0_IRQHandler
 .text.I2C1_IRQHandler
                0x00005a08        0x8 ./startup/startup_mk66f18.o
                0x00005a08                I2C1_IRQHandler
 .text.SPI0_IRQHandler
                0x00005a10        0x8 ./startup/startup_mk66f18.o
                0x00005a10                SPI0_IRQHandler
 .text.SPI1_IRQHandler
                0x00005a18        0x8 ./startup/startup_mk66f18.o
                0x00005a18                SPI1_IRQHandler
 .text.I2S0_Tx_IRQHandler
                0x00005a20        0x8 ./startup/startup_mk66f18.o
                0x00005a20                I2S0_Tx_IRQHandler
 .text.I2S0_Rx_IRQHandler
                0x00005a28        0x8 ./startup/startup_mk66f18.o
                0x00005a28                I2S0_Rx_IRQHandler
 .text.Reserved46_IRQHandler
                0x00005a30        0x8 ./startup/startup_mk66f18.o
                0x00005a30                Reserved46_IRQHandler
 .text.UART0_RX_TX_IRQHandler
                0x00005a38        0x8 ./startup/startup_mk66f18.o
                0x00005a38                UART0_RX_TX_IRQHandler
 .text.UART0_ERR_IRQHandler
                0x00005a40        0x8 ./startup/startup_mk66f18.o
                0x00005a40                UART0_ERR_IRQHandler
 .text.UART1_RX_TX_IRQHandler
                0x00005a48        0x8 ./startup/startup_mk66f18.o
                0x00005a48                UART1_RX_TX_IRQHandler
 .text.UART1_ERR_IRQHandler
                0x00005a50        0x8 ./startup/startup_mk66f18.o
                0x00005a50                UART1_ERR_IRQHandler
 .text.UART2_RX_TX_IRQHandler
                0x00005a58        0x8 ./startup/startup_mk66f18.o
                0x00005a58                UART2_RX_TX_IRQHandler
 .text.UART2_ERR_IRQHandler
                0x00005a60        0x8 ./startup/startup_mk66f18.o
                0x00005a60                UART2_ERR_IRQHandler
 .text.UART3_RX_TX_IRQHandler
                0x00005a68        0x8 ./startup/startup_mk66f18.o
                0x00005a68                UART3_RX_TX_IRQHandler
 .text.UART3_ERR_IRQHandler
                0x00005a70        0x8 ./startup/startup_mk66f18.o
                0x00005a70                UART3_ERR_IRQHandler
 .text.ADC0_IRQHandler
                0x00005a78        0x8 ./startup/startup_mk66f18.o
                0x00005a78                ADC0_IRQHandler
 .text.CMP0_IRQHandler
                0x00005a80        0x8 ./startup/startup_mk66f18.o
                0x00005a80                CMP0_IRQHandler
 .text.CMP1_IRQHandler
                0x00005a88        0x8 ./startup/startup_mk66f18.o
                0x00005a88                CMP1_IRQHandler
 .text.FTM0_IRQHandler
                0x00005a90        0x8 ./startup/startup_mk66f18.o
                0x00005a90                FTM0_IRQHandler
 .text.FTM1_IRQHandler
                0x00005a98        0x8 ./startup/startup_mk66f18.o
                0x00005a98                FTM1_IRQHandler
 .text.FTM2_IRQHandler
                0x00005aa0        0x8 ./startup/startup_mk66f18.o
                0x00005aa0                FTM2_IRQHandler
 .text.CMT_IRQHandler
                0x00005aa8        0x8 ./startup/startup_mk66f18.o
                0x00005aa8                CMT_IRQHandler
 .text.RTC_IRQHandler
                0x00005ab0        0x8 ./startup/startup_mk66f18.o
                0x00005ab0                RTC_IRQHandler
 .text.RTC_Seconds_IRQHandler
                0x00005ab8        0x8 ./startup/startup_mk66f18.o
                0x00005ab8                RTC_Seconds_IRQHandler
 .text.PIT0_IRQHandler
                0x00005ac0        0x8 ./startup/startup_mk66f18.o
                0x00005ac0                PIT0_IRQHandler
 .text.PIT1_IRQHandler
                0x00005ac8        0x8 ./startup/startup_mk66f18.o
                0x00005ac8                PIT1_IRQHandler
 .text.PIT2_IRQHandler
                0x00005ad0        0x8 ./startup/startup_mk66f18.o
                0x00005ad0                PIT2_IRQHandler
 .text.PIT3_IRQHandler
                0x00005ad8        0x8 ./startup/startup_mk66f18.o
                0x00005ad8                PIT3_IRQHandler
 .text.PDB0_IRQHandler
                0x00005ae0        0x8 ./startup/startup_mk66f18.o
                0x00005ae0                PDB0_IRQHandler
 .text.USB0_IRQHandler
                0x00005ae8        0x8 ./startup/startup_mk66f18.o
                0x00005ae8                USB0_IRQHandler
 .text.USBDCD_IRQHandler
                0x00005af0        0x8 ./startup/startup_mk66f18.o
                0x00005af0                USBDCD_IRQHandler
 .text.Reserved71_IRQHandler
                0x00005af8        0x8 ./startup/startup_mk66f18.o
                0x00005af8                Reserved71_IRQHandler
 .text.DAC0_IRQHandler
                0x00005b00        0x8 ./startup/startup_mk66f18.o
                0x00005b00                DAC0_IRQHandler
 .text.MCG_IRQHandler
                0x00005b08        0x8 ./startup/startup_mk66f18.o
                0x00005b08                MCG_IRQHandler
 .text.LPTMR0_IRQHandler
                0x00005b10        0x8 ./startup/startup_mk66f18.o
                0x00005b10                LPTMR0_IRQHandler
 .text.PORTA_IRQHandler
                0x00005b18        0x8 ./startup/startup_mk66f18.o
                0x00005b18                PORTA_IRQHandler
 .text.PORTB_IRQHandler
                0x00005b20        0x8 ./startup/startup_mk66f18.o
                0x00005b20                PORTB_IRQHandler
 .text.PORTC_IRQHandler
                0x00005b28        0x8 ./startup/startup_mk66f18.o
                0x00005b28                PORTC_IRQHandler
 .text.PORTD_IRQHandler
                0x00005b30        0x8 ./startup/startup_mk66f18.o
                0x00005b30                PORTD_IRQHandler
 .text.PORTE_IRQHandler
                0x00005b38        0x8 ./startup/startup_mk66f18.o
                0x00005b38                PORTE_IRQHandler
 .text.SWI_IRQHandler
                0x00005b40        0x8 ./startup/startup_mk66f18.o
                0x00005b40                SWI_IRQHandler
 .text.SPI2_IRQHandler
                0x00005b48        0x8 ./startup/startup_mk66f18.o
                0x00005b48                SPI2_IRQHandler
 .text.UART4_RX_TX_IRQHandler
                0x00005b50        0x8 ./startup/startup_mk66f18.o
                0x00005b50                UART4_RX_TX_IRQHandler
 .text.UART4_ERR_IRQHandler
                0x00005b58        0x8 ./startup/startup_mk66f18.o
                0x00005b58                UART4_ERR_IRQHandler
 .text.Reserved84_IRQHandler
                0x00005b60        0x8 ./startup/startup_mk66f18.o
                0x00005b60                Reserved84_IRQHandler
 .text.Reserved85_IRQHandler
                0x00005b68        0x8 ./startup/startup_mk66f18.o
                0x00005b68                Reserved85_IRQHandler
 .text.CMP2_IRQHandler
                0x00005b70        0x8 ./startup/startup_mk66f18.o
                0x00005b70                CMP2_IRQHandler
 .text.FTM3_IRQHandler
                0x00005b78        0x8 ./startup/startup_mk66f18.o
                0x00005b78                FTM3_IRQHandler
 .text.DAC1_IRQHandler
                0x00005b80        0x8 ./startup/startup_mk66f18.o
                0x00005b80                DAC1_IRQHandler
 .text.ADC1_IRQHandler
                0x00005b88        0x8 ./startup/startup_mk66f18.o
                0x00005b88                ADC1_IRQHandler
 .text.I2C2_IRQHandler
                0x00005b90        0x8 ./startup/startup_mk66f18.o
                0x00005b90                I2C2_IRQHandler
 .text.CAN0_ORed_Message_buffer_IRQHandler
                0x00005b98        0x8 ./startup/startup_mk66f18.o
                0x00005b98                CAN0_ORed_Message_buffer_IRQHandler
 .text.CAN0_Bus_Off_IRQHandler
                0x00005ba0        0x8 ./startup/startup_mk66f18.o
                0x00005ba0                CAN0_Bus_Off_IRQHandler
 .text.CAN0_Error_IRQHandler
                0x00005ba8        0x8 ./startup/startup_mk66f18.o
                0x00005ba8                CAN0_Error_IRQHandler
 .text.CAN0_Tx_Warning_IRQHandler
                0x00005bb0        0x8 ./startup/startup_mk66f18.o
                0x00005bb0                CAN0_Tx_Warning_IRQHandler
 .text.CAN0_Rx_Warning_IRQHandler
                0x00005bb8        0x8 ./startup/startup_mk66f18.o
                0x00005bb8                CAN0_Rx_Warning_IRQHandler
 .text.CAN0_Wake_Up_IRQHandler
                0x00005bc0        0x8 ./startup/startup_mk66f18.o
                0x00005bc0                CAN0_Wake_Up_IRQHandler
 .text.SDHC_IRQHandler
                0x00005bc8        0x8 ./startup/startup_mk66f18.o
                0x00005bc8                SDHC_IRQHandler
 .text.ENET_1588_Timer_IRQHandler
                0x00005bd0        0x8 ./startup/startup_mk66f18.o
                0x00005bd0                ENET_1588_Timer_IRQHandler
 .text.ENET_Transmit_IRQHandler
                0x00005bd8        0x8 ./startup/startup_mk66f18.o
                0x00005bd8                ENET_Transmit_IRQHandler
 .text.ENET_Receive_IRQHandler
                0x00005be0        0x8 ./startup/startup_mk66f18.o
                0x00005be0                ENET_Receive_IRQHandler
 .text.ENET_Error_IRQHandler
                0x00005be8        0x8 ./startup/startup_mk66f18.o
                0x00005be8                ENET_Error_IRQHandler
 .text.LPUART0_IRQHandler
                0x00005bf0        0x8 ./startup/startup_mk66f18.o
                0x00005bf0                LPUART0_IRQHandler
 .text.TSI0_IRQHandler
                0x00005bf8        0x8 ./startup/startup_mk66f18.o
                0x00005bf8                TSI0_IRQHandler
 .text.TPM1_IRQHandler
                0x00005c00        0x8 ./startup/startup_mk66f18.o
                0x00005c00                TPM1_IRQHandler
 .text.TPM2_IRQHandler
                0x00005c08        0x8 ./startup/startup_mk66f18.o
                0x00005c08                TPM2_IRQHandler
 .text.USBHSDCD_IRQHandler
                0x00005c10        0x8 ./startup/startup_mk66f18.o
                0x00005c10                USBHSDCD_IRQHandler
 .text.I2C3_IRQHandler
                0x00005c18        0x8 ./startup/startup_mk66f18.o
                0x00005c18                I2C3_IRQHandler
 .text.CMP3_IRQHandler
                0x00005c20        0x8 ./startup/startup_mk66f18.o
                0x00005c20                CMP3_IRQHandler
 .text.USBHS_IRQHandler
                0x00005c28        0x8 ./startup/startup_mk66f18.o
                0x00005c28                USBHS_IRQHandler
 .text.CAN1_ORed_Message_buffer_IRQHandler
                0x00005c30        0x8 ./startup/startup_mk66f18.o
                0x00005c30                CAN1_ORed_Message_buffer_IRQHandler
 .text.CAN1_Bus_Off_IRQHandler
                0x00005c38        0x8 ./startup/startup_mk66f18.o
                0x00005c38                CAN1_Bus_Off_IRQHandler
 .text.CAN1_Error_IRQHandler
                0x00005c40        0x8 ./startup/startup_mk66f18.o
                0x00005c40                CAN1_Error_IRQHandler
 .text.CAN1_Tx_Warning_IRQHandler
                0x00005c48        0x8 ./startup/startup_mk66f18.o
                0x00005c48                CAN1_Tx_Warning_IRQHandler
 .text.CAN1_Rx_Warning_IRQHandler
                0x00005c50        0x8 ./startup/startup_mk66f18.o
                0x00005c50                CAN1_Rx_Warning_IRQHandler
 .text.CAN1_Wake_Up_IRQHandler
                0x00005c58        0x8 ./startup/startup_mk66f18.o
                0x00005c58                CAN1_Wake_Up_IRQHandler
 .text.FTM_StartTimer
                0x00005c60       0x3a ./source/FTM_pwm.o
 .text.FTM_StopTimer
                0x00005c9a       0x20 ./source/FTM_pwm.o
 .text.CLOCK_EnableClock
                0x00005cba       0x34 ./source/LCD_nokia.o
 .text.GPIO_PortSet
                0x00005cee       0x1c ./source/LCD_nokia.o
 .text.GPIO_PortClear
                0x00005d0a       0x1c ./source/LCD_nokia.o
 .text.PORT_SetPinMux
                0x00005d26       0x3a ./source/LCD_nokia.o
 .text.LCD_nokia_clear
                0x00005d60       0x36 ./source/LCD_nokia.o
                0x00005d60                LCD_nokia_clear
 .text.LCD_nokia_goto_xy
                0x00005d96       0x38 ./source/LCD_nokia.o
                0x00005d96                LCD_nokia_goto_xy
 .text.LCD_nokia_delay
                0x00005dce       0x2a ./source/LCD_nokia.o
                0x00005dce                LCD_nokia_delay
 .text.CLOCK_EnableClock
                0x00005df8       0x34 ./source/MUSIC_gen.o
 .text.CLOCK_EnableClock
                0x00005e2c       0x34 ./source/SPI.o
 .text.PORT_SetPinMux
                0x00005e60       0x3a ./source/SPI.o
 .text.HardFault_Handler
                0x00005e9a       0x2c ./source/semihost_hardfault.o
                0x00005e9a                HardFault_Handler
 .text.vListInitialise
                0x00005ec6       0x40 ./freertos/freertos_kernel/list.o
                0x00005ec6                vListInitialise
 .text.vListInitialiseItem
                0x00005f06       0x1a ./freertos/freertos_kernel/list.o
                0x00005f06                vListInitialiseItem
 .text.vListInsertEnd
                0x00005f20       0x48 ./freertos/freertos_kernel/list.o
                0x00005f20                vListInsertEnd
 .text.vListInsert
                0x00005f68       0x72 ./freertos/freertos_kernel/list.o
                0x00005f68                vListInsert
 .text.uxListRemove
                0x00005fda       0x54 ./freertos/freertos_kernel/list.o
                0x00005fda                uxListRemove
 .text.xQueueGenericCreate
                0x0000602e       0xbe ./freertos/freertos_kernel/queue.o
                0x0000602e                xQueueGenericCreate
 .text.prvInitialiseNewQueue
                0x000060ec       0x46 ./freertos/freertos_kernel/queue.o
 .text.prvInitialiseMutex
                0x00006132       0x34 ./freertos/freertos_kernel/queue.o
 .text.xQueueCreateMutex
                0x00006166       0x30 ./freertos/freertos_kernel/queue.o
                0x00006166                xQueueCreateMutex
 .text.xQueueGenericSendFromISR
                0x00006196      0x154 ./freertos/freertos_kernel/queue.o
                0x00006196                xQueueGenericSendFromISR
 .text.prvGetDisinheritPriorityAfterTimeout
                0x000062ea       0x30 ./freertos/freertos_kernel/queue.o
 .text.prvCopyDataToQueue
                0x0000631a       0xd4 ./freertos/freertos_kernel/queue.o
 .text.prvCopyDataFromQueue
                0x000063ee       0x4c ./freertos/freertos_kernel/queue.o
 .text.prvUnlockQueue
                0x0000643a       0xa4 ./freertos/freertos_kernel/queue.o
 .text.prvIsQueueEmpty
                0x000064de       0x2c ./freertos/freertos_kernel/queue.o
 .text.prvIsQueueFull
                0x0000650a       0x30 ./freertos/freertos_kernel/queue.o
 .text.vQueueWaitForMessageRestricted
                0x0000653a       0x68 ./freertos/freertos_kernel/queue.o
                0x0000653a                vQueueWaitForMessageRestricted
 .text.xTaskCreate
                0x000065a2       0x82 ./freertos/freertos_kernel/tasks.o
                0x000065a2                xTaskCreate
 .text.prvInitialiseNewTask
                0x00006624      0x13a ./freertos/freertos_kernel/tasks.o
 .text.prvDeleteTCB
                0x0000675e       0x20 ./freertos/freertos_kernel/tasks.o
 .text.prvTimerTask
                0x0000677e       0x24 ./freertos/freertos_kernel/timers.o
 .text.CLOCK_GetPll0RefFreq
                0x000067a2        0xe ./drivers/fsl_clock.o
 .text.CLOCK_GetFixedFreqClkFreq
                0x000067b0       0x34 ./drivers/fsl_clock.o
                0x000067b0                CLOCK_GetFixedFreqClkFreq
 .text.CLOCK_EnableClock
                0x000067e4       0x34 ./drivers/fsl_dspi.o
 .text.DSPI_Enable
                0x00006818       0x38 ./drivers/fsl_dspi.o
 .text.DSPI_GetStatusFlags
                0x00006850       0x18 ./drivers/fsl_dspi.o
 .text.DSPI_ClearStatusFlags
                0x00006868       0x1c ./drivers/fsl_dspi.o
 .text.DSPI_DisableInterrupts
                0x00006884       0x24 ./drivers/fsl_dspi.o
 .text.DSPI_SetMasterSlaveMode
                0x000068a8       0x2a ./drivers/fsl_dspi.o
 .text.DSPI_IsMaster
                0x000068d2       0x26 ./drivers/fsl_dspi.o
 .text.DSPI_StartTransfer
                0x000068f8       0x20 ./drivers/fsl_dspi.o
 .text.DSPI_StopTransfer
                0x00006918       0x20 ./drivers/fsl_dspi.o
 .text.DSPI_FlushFifo
                0x00006938       0x48 ./drivers/fsl_dspi.o
 .text.DSPI_MasterGetFormattedCommand
                0x00006980       0x4a ./drivers/fsl_dspi.o
 .text.DSPI_ReadData
                0x000069ca       0x18 ./drivers/fsl_dspi.o
 .text.DSPI_SetOnePcsPolarity
                0x000069e2       0x4e ./drivers/fsl_dspi.o
 .text.CLOCK_EnableClock
                0x00006a30       0x34 ./drivers/fsl_ftm.o
 .text.FTM_SetDeadTimeEnable
                0x00006a64       0x52 ./drivers/fsl_ftm.o
 .text.FTM_SetComplementaryEnable
                0x00006ab6       0x52 ./drivers/fsl_ftm.o
 .text.GPIO_PinWrite
                0x00006b08       0x36 ./drivers/fsl_gpio.o
 .text.UART_WriteBlocking
                0x00006b3e       0x50 ./drivers/fsl_uart.o
                0x00006b3e                UART_WriteBlocking
 .text.UART0_RX_TX_DriverIRQHandler
                0x00006b8e       0x12 ./drivers/fsl_uart.o
                0x00006b8e                UART0_RX_TX_DriverIRQHandler
 .text.UART1_RX_TX_DriverIRQHandler
                0x00006ba0       0x12 ./drivers/fsl_uart.o
                0x00006ba0                UART1_RX_TX_DriverIRQHandler
 .text.UART2_RX_TX_DriverIRQHandler
                0x00006bb2       0x12 ./drivers/fsl_uart.o
                0x00006bb2                UART2_RX_TX_DriverIRQHandler
 .text.UART3_RX_TX_DriverIRQHandler
                0x00006bc4       0x12 ./drivers/fsl_uart.o
                0x00006bc4                UART3_RX_TX_DriverIRQHandler
 .text.UART4_RX_TX_DriverIRQHandler
                0x00006bd6       0x12 ./drivers/fsl_uart.o
                0x00006bd6                UART4_RX_TX_DriverIRQHandler
 .text.SystemInitHook
                0x00006be8        0xe ./device/system_MK66F18.o
                0x00006be8                SystemInitHook
 .text.SerialManager_StartWriting
                0x00006bf6       0x38 ./component/serial_manager/fsl_component_serial_manager.o
 .text.SerialManager_Write
                0x00006c2e       0x44 ./component/serial_manager/fsl_component_serial_manager.o
 .text.SerialManager_WriteBlocking
                0x00006c72       0x20 ./component/serial_manager/fsl_component_serial_manager.o
                0x00006c72                SerialManager_WriteBlocking
 .text.Serial_UartWrite
                0x00006c92       0x38 ./component/serial_manager/fsl_component_serial_port_uart.o
                0x00006c92                Serial_UartWrite
 .text.__main   0x00006cca        0xe c:/nxp/mcuxpressoide_11.6.0_8187/ide/plugins/com.nxp.mcuxpresso.tools.win32_11.6.0.202112161359/tools/bin/../lib/gcc/arm-none-eabi/10.3.1/../../../../arm-none-eabi/lib/thumb/v7e-m+fp/hard\libcr_nohost_nf.a(_cr__main.o)
                0x00006cca                __main
 .text.__sys_appexit
                0x00006cd8        0x2 c:/nxp/mcuxpressoide_11.6.0_8187/ide/plugins/com.nxp.mcuxpresso.tools.win32_11.6.0.202112161359/tools/bin/../lib/gcc/arm-none-eabi/10.3.1/../../../../arm-none-eabi/lib/thumb/v7e-m+fp/hard\libcr_nohost_nf.a(__sys_appexit.o)
                0x00006cd8                __sys_appexit
                0x00006cd8                __exit
 .text.memcpy   0x00006cda        0x4 c:/nxp/mcuxpressoide_11.6.0_8187/ide/plugins/com.nxp.mcuxpresso.tools.win32_11.6.0.202112161359/tools/bin/../lib/gcc/arm-none-eabi/10.3.1/../../../../arm-none-eabi/lib/thumb/v7e-m+fp/hard\libcr_c.a(memcpy.o)
                0x00006cda                memcpy
 .text.memset   0x00006cde        0x4 c:/nxp/mcuxpressoide_11.6.0_8187/ide/plugins/com.nxp.mcuxpresso.tools.win32_11.6.0.202112161359/tools/bin/../lib/gcc/arm-none-eabi/10.3.1/../../../../arm-none-eabi/lib/thumb/v7e-m+fp/hard\libcr_c.a(memset.o)
                0x00006cde                memset
 .text._deferredlazyseek
                0x00006ce2       0x40 c:/nxp/mcuxpressoide_11.6.0_8187/ide/plugins/com.nxp.mcuxpresso.tools.win32_11.6.0.202112161359/tools/bin/../lib/gcc/arm-none-eabi/10.3.1/../../../../arm-none-eabi/lib/thumb/v7e-m+fp/hard\libcr_c.a(_deferredlazyseek.o)
                0x00006ce2                _deferredlazyseek
 .text.__flsbuf
                0x00006d22      0x140 c:/nxp/mcuxpressoide_11.6.0_8187/ide/plugins/com.nxp.mcuxpresso.tools.win32_11.6.0.202112161359/tools/bin/../lib/gcc/arm-none-eabi/10.3.1/../../../../arm-none-eabi/lib/thumb/v7e-m+fp/hard\libcr_c.a(_deferredlazyseek.o)
                0x00006d22                __flsbuf
 .text._fflush  0x00006e62       0x52 c:/nxp/mcuxpressoide_11.6.0_8187/ide/plugins/com.nxp.mcuxpresso.tools.win32_11.6.0.202112161359/tools/bin/../lib/gcc/arm-none-eabi/10.3.1/../../../../arm-none-eabi/lib/thumb/v7e-m+fp/hard\libcr_c.a(_fflush.o)
                0x00006e62                _fflush
 .text.free     0x00006eb4       0x30 c:/nxp/mcuxpressoide_11.6.0_8187/ide/plugins/com.nxp.mcuxpresso.tools.win32_11.6.0.202112161359/tools/bin/../lib/gcc/arm-none-eabi/10.3.1/../../../../arm-none-eabi/lib/thumb/v7e-m+fp/hard\libcr_c.a(alloc.o)
                0x00006eb4                free
 .text.fputs    0x00006ee4       0x2c c:/nxp/mcuxpressoide_11.6.0_8187/ide/plugins/com.nxp.mcuxpresso.tools.win32_11.6.0.202112161359/tools/bin/../lib/gcc/arm-none-eabi/10.3.1/../../../../arm-none-eabi/lib/thumb/v7e-m+fp/hard\libcr_c.a(fputs.o)
                0x00006ee4                fputs
 .text.setvbuf  0x00006f10       0x3e c:/nxp/mcuxpressoide_11.6.0_8187/ide/plugins/com.nxp.mcuxpresso.tools.win32_11.6.0.202112161359/tools/bin/../lib/gcc/arm-none-eabi/10.3.1/../../../../arm-none-eabi/lib/thumb/v7e-m+fp/hard\libcr_c.a(setvbuf.o)
                0x00006f10                setvbuf
 .text.strlen   0x00006f4e       0x48 c:/nxp/mcuxpressoide_11.6.0_8187/ide/plugins/com.nxp.mcuxpresso.tools.win32_11.6.0.202112161359/tools/bin/../lib/gcc/arm-none-eabi/10.3.1/../../../../arm-none-eabi/lib/thumb/v7e-m+fp/hard\libcr_c.a(strlen.o)
                0x00006f4e                strlen
 .text._fdopen  0x00006f96       0x68 c:/nxp/mcuxpressoide_11.6.0_8187/ide/plugins/com.nxp.mcuxpresso.tools.win32_11.6.0.202112161359/tools/bin/../lib/gcc/arm-none-eabi/10.3.1/../../../../arm-none-eabi/lib/thumb/v7e-m+fp/hard\libcr_c.a(_fdopen.o)
                0x00006f96                _fdopen
 .text.fclose   0x00006ffe       0x58 c:/nxp/mcuxpressoide_11.6.0_8187/ide/plugins/com.nxp.mcuxpresso.tools.win32_11.6.0.202112161359/tools/bin/../lib/gcc/arm-none-eabi/10.3.1/../../../../arm-none-eabi/lib/thumb/v7e-m+fp/hard\libcr_c.a(fclose.o)
                0x00006ffe                fclose
 .text.remove   0x00007056       0x14 c:/nxp/mcuxpressoide_11.6.0_8187/ide/plugins/com.nxp.mcuxpresso.tools.win32_11.6.0.202112161359/tools/bin/../lib/gcc/arm-none-eabi/10.3.1/../../../../arm-none-eabi/lib/thumb/v7e-m+fp/hard\libcr_c.a(remove.o)
                0x00007056                remove
 .text._do_fflush
                0x0000706a       0x40 c:/nxp/mcuxpressoide_11.6.0_8187/ide/plugins/com.nxp.mcuxpresso.tools.win32_11.6.0.202112161359/tools/bin/../lib/gcc/arm-none-eabi/10.3.1/../../../../arm-none-eabi/lib/thumb/v7e-m+fp/hard\libcr_c.a(_do_fflush.o)
                0x0000706a                _do_fflush
 .text.__aeabi_memcpy
                0x000070aa       0x34 c:/nxp/mcuxpressoide_11.6.0_8187/ide/plugins/com.nxp.mcuxpresso.tools.win32_11.6.0.202112161359/tools/bin/../lib/gcc/arm-none-eabi/10.3.1/thumb/v7e-m+fp/hard\libcr_eabihelpers.a(memcpy.o)
                0x000070aa                __aeabi_memcpy
                0x000070b4                __aeabi_memcpy8
                0x000070b4                __aeabi_memcpy4
 .text.__aeabi_memset_lowlevel
                0x000070de       0x32 c:/nxp/mcuxpressoide_11.6.0_8187/ide/plugins/com.nxp.mcuxpresso.tools.win32_11.6.0.202112161359/tools/bin/../lib/gcc/arm-none-eabi/10.3.1/thumb/v7e-m+fp/hard\libcr_eabihelpers.a(memcpy.o)
                0x000070de                __aeabi_lowlevel_memset
 .text.__sys_close
                0x00007110        0x6 c:/nxp/mcuxpressoide_11.6.0_8187/ide/plugins/com.nxp.mcuxpresso.tools.win32_11.6.0.202112161359/tools/bin/../lib/gcc/arm-none-eabi/10.3.1/../../../../arm-none-eabi/lib/thumb/v7e-m+fp/hard\libcr_nohost_nf.a(__sys_close.o)
                0x00007110                __sys_close
 .text.__sys_flen
                0x00007116        0x6 c:/nxp/mcuxpressoide_11.6.0_8187/ide/plugins/com.nxp.mcuxpresso.tools.win32_11.6.0.202112161359/tools/bin/../lib/gcc/arm-none-eabi/10.3.1/../../../../arm-none-eabi/lib/thumb/v7e-m+fp/hard\libcr_nohost_nf.a(__sys_flen.o)
                0x00007116                __sys_flen
 .text.__sys_istty
                0x0000711c        0x6 c:/nxp/mcuxpressoide_11.6.0_8187/ide/plugins/com.nxp.mcuxpresso.tools.win32_11.6.0.202112161359/tools/bin/../lib/gcc/arm-none-eabi/10.3.1/../../../../arm-none-eabi/lib/thumb/v7e-m+fp/hard\libcr_nohost_nf.a(__sys_istty.o)
                0x0000711c                __sys_istty
 .text.__sys_remove
                0x00007122        0x6 c:/nxp/mcuxpressoide_11.6.0_8187/ide/plugins/com.nxp.mcuxpresso.tools.win32_11.6.0.202112161359/tools/bin/../lib/gcc/arm-none-eabi/10.3.1/../../../../arm-none-eabi/lib/thumb/v7e-m+fp/hard\libcr_nohost_nf.a(__sys_remove.o)
                0x00007122                __sys_remove
 .text.__sys_seek
                0x00007128        0x6 c:/nxp/mcuxpressoide_11.6.0_8187/ide/plugins/com.nxp.mcuxpresso.tools.win32_11.6.0.202112161359/tools/bin/../lib/gcc/arm-none-eabi/10.3.1/../../../../arm-none-eabi/lib/thumb/v7e-m+fp/hard\libcr_nohost_nf.a(__sys_seek.o)
                0x00007128                __sys_seek
 .text.__sys_tmpnam
                0x0000712e        0x6 c:/nxp/mcuxpressoide_11.6.0_8187/ide/plugins/com.nxp.mcuxpresso.tools.win32_11.6.0.202112161359/tools/bin/../lib/gcc/arm-none-eabi/10.3.1/../../../../arm-none-eabi/lib/thumb/v7e-m+fp/hard\libcr_nohost_nf.a(__sys_tmpnam.o)
                0x0000712e                __sys_tmpnam
 .text.__sys_write
                0x00007134        0x4 c:/nxp/mcuxpressoide_11.6.0_8187/ide/plugins/com.nxp.mcuxpresso.tools.win32_11.6.0.202112161359/tools/bin/../lib/gcc/arm-none-eabi/10.3.1/../../../../arm-none-eabi/lib/thumb/v7e-m+fp/hard\libcr_nohost_nf.a(__sys_write.o)
                0x00007134                __sys_write
 *freertos*/tasks.o(SORT_BY_ALIGNMENT(.rodata*))
 .rodata.vTaskStartScheduler.str1.4
                0x00007138        0x5 ./freertos/freertos_kernel/tasks.o
 *(SORT_BY_ALIGNMENT(.rodata) SORT_BY_ALIGNMENT(.rodata.*) SORT_BY_ALIGNMENT(.constdata) SORT_BY_ALIGNMENT(.constdata.*))
 *fill*         0x0000713d        0x3 ff
 .rodata.FTM_CalculateCounterClkDiv.str1.4
                0x00007140      0x142 ./source/FTM_pwm.o
 *fill*         0x00007282        0x2 ff
 .rodata        0x00007284        0x2 ./source/LCD_nokia.o
 *fill*         0x00007286        0x2 ff
 .rodata.Song_of_the_storm_song
                0x00007288        0x8 ./source/MUSIC_album.o
                0x00007288                Song_of_the_storm_song
 .rodata.PORT_SetPinConfig.str1.4
                0x00007290       0x7b ./source/MUSIC_gen.o
 *fill*         0x0000730b        0x1 ff
 .rodata.TAMAGOTCHI_FSM_Moore
                0x0000730c       0x80 ./source/Tamagotchi_char.o
                0x0000730c                TAMAGOTCHI_FSM_Moore
 .rodata.Robot_skin
                0x0000738c       0x10 ./source/Tamagotchi_skin.o
                0x0000738c                Robot_skin
 .rodata.main.str1.4
                0x0000739c       0x2d ./source/main.o
 *fill*         0x000073c9        0x3 ff
 .rodata.xTimerCreateTimerTask.str1.4
                0x000073cc        0x8 ./freertos/freertos_kernel/timers.o
 .rodata.prvCheckForValidListAndQueue.str1.4
                0x000073d4        0x5 ./freertos/freertos_kernel/timers.o
 *fill*         0x000073d9        0x3 ff
 .rodata.CLOCK_GetMcgExtClkFreq.str1.4
                0x000073dc       0x49 ./drivers/fsl_clock.o
 *fill*         0x00007425        0x3 ff
 .rodata.CLOCK_GetOsc0ErClkUndivFreq.str1.4
                0x00007428       0x1e ./drivers/fsl_clock.o
 *fill*         0x00007446        0x2 ff
 .rodata.CLOCK_GetOsc0ErClkDivFreq.str1.4
                0x00007448       0x1e ./drivers/fsl_clock.o
 *fill*         0x00007466        0x2 ff
 .rodata.CLOCK_GetEr32kClkFreq.str1.4
                0x00007468       0x1f ./drivers/fsl_clock.o
 *fill*         0x00007487        0x1 ff
 .rodata.CLOCK_GetPll0Freq.str1.4
                0x00007488       0x1d ./drivers/fsl_clock.o
 *fill*         0x000074a5        0x3 ff
 .rodata.fllFactorTable.1
                0x000074a8       0x10 ./drivers/fsl_clock.o
 .rodata.s_baudratePrescaler
                0x000074b8       0x10 ./drivers/fsl_dspi.o
 .rodata.s_baudrateScaler
                0x000074c8       0x40 ./drivers/fsl_dspi.o
 .rodata.s_delayPrescaler
                0x00007508       0x10 ./drivers/fsl_dspi.o
 .rodata.s_delayScaler
                0x00007518       0x40 ./drivers/fsl_dspi.o
 .rodata.s_dspiBases
                0x00007558        0xc ./drivers/fsl_dspi.o
 .rodata.s_dspiClock
                0x00007564        0xc ./drivers/fsl_dspi.o
 .rodata.DSPI_GetInstance.str1.4
                0x00007570       0x34 ./drivers/fsl_dspi.o
 .rodata.DSPI_MasterInit.str1.4
                0x000075a4       0x3f ./drivers/fsl_dspi.o
 *fill*         0x000075e3        0x1 ff
 .rodata.DSPI_MasterSetDelayScaler.str1.4
                0x000075e4       0x17 ./drivers/fsl_dspi.o
 *fill*         0x000075fb        0x1 ff
 .rodata.DSPI_MasterTransferBlocking.str1.4
                0x000075fc       0x22 ./drivers/fsl_dspi.o
 *fill*         0x0000761e        0x2 ff
 .rodata.SPI0_DriverIRQHandler.str1.4
                0x00007620       0x2a ./drivers/fsl_dspi.o
 *fill*         0x0000764a        0x2 ff
 .rodata.SPI1_DriverIRQHandler.str1.4
                0x0000764c       0x2a ./drivers/fsl_dspi.o
 *fill*         0x00007676        0x2 ff
 .rodata.SPI2_DriverIRQHandler.str1.4
                0x00007678       0x2a ./drivers/fsl_dspi.o
 *fill*         0x000076a2        0x2 ff
 .rodata.s_ftmBases
                0x000076a4       0x10 ./drivers/fsl_ftm.o
 .rodata.s_ftmClocks
                0x000076b4       0x10 ./drivers/fsl_ftm.o
 .rodata.FTM_GetInstance.str1.4
                0x000076c4       0x28 ./drivers/fsl_ftm.o
 .rodata.FTM_SetPwmSync.str1.4
                0x000076ec       0x3a ./drivers/fsl_ftm.o
 *fill*         0x00007726        0x2 ff
 .rodata.FTM_SetReloadPoints.str1.4
                0x00007728       0x20 ./drivers/fsl_ftm.o
 .rodata.FTM_Init.str1.4
                0x00007748       0x17 ./drivers/fsl_ftm.o
 *fill*         0x0000775f        0x1 ff
 .rodata.FTM_GetDefaultConfig.str1.4
                0x00007760       0x1f ./drivers/fsl_ftm.o
 *fill*         0x0000777f        0x1 ff
 .rodata.FTM_SetupPwm.str1.4
                0x00007780       0x23 ./drivers/fsl_ftm.o
 *fill*         0x000077a3        0x1 ff
 .rodata.GPIO_PinInit.str1.4
                0x000077a4       0x20 ./drivers/fsl_gpio.o
 .rodata.s_UartAdapterBase
                0x000077c4       0x14 ./component/uart/fsl_adapter_uart.o
 .rodata.HAL_UartSendBlocking.str1.4
                0x000077d8       0x60 ./component/uart/fsl_adapter_uart.o
 .rodata.__num_Ciob_streams
                0x00007838        0x4 c:/nxp/mcuxpressoide_11.6.0_8187/ide/plugins/com.nxp.mcuxpresso.tools.win32_11.6.0.202112161359/tools/bin/../lib/gcc/arm-none-eabi/10.3.1/../../../../arm-none-eabi/lib/thumb/v7e-m+fp/hard\libcr_nohost_nf.a(__ciob.o)
                0x00007838                __num_Ciob_streams
 .rodata.__assertion_failed.str1.1
                0x0000783c       0x15 c:/nxp/mcuxpressoide_11.6.0_8187/ide/plugins/com.nxp.mcuxpresso.tools.win32_11.6.0.202112161359/tools/bin/../lib/gcc/arm-none-eabi/10.3.1/../../../../arm-none-eabi/lib/thumb/v7e-m+fp/hard\libcr_nohost_nf.a(_cr_assert.o)
 .rodata._Csys_alloc.str1.1
                0x00007851       0x18 c:/nxp/mcuxpressoide_11.6.0_8187/ide/plugins/com.nxp.mcuxpresso.tools.win32_11.6.0.202112161359/tools/bin/../lib/gcc/arm-none-eabi/10.3.1/../../../../arm-none-eabi/lib/thumb/v7e-m+fp/hard\libcr_c.a(alloc.o)
 .rodata._initio.str1.1
                0x00007869        0x4 c:/nxp/mcuxpressoide_11.6.0_8187/ide/plugins/com.nxp.mcuxpresso.tools.win32_11.6.0.202112161359/tools/bin/../lib/gcc/arm-none-eabi/10.3.1/../../../../arm-none-eabi/lib/thumb/v7e-m+fp/hard\libcr_c.a(initio.o)
                0x00007870                . = ALIGN (0x8)
 *fill*         0x0000786d        0x3 ff
                0x00007870                _etext = .

.glue_7         0x00007870        0x0
 .glue_7        0x00007870        0x0 linker stubs

.glue_7t        0x00007870        0x0
 .glue_7t       0x00007870        0x0 linker stubs

.vfp11_veneer   0x00007870        0x0
 .vfp11_veneer  0x00007870        0x0 linker stubs

.v4_bx          0x00007870        0x0
 .v4_bx         0x00007870        0x0 linker stubs

.iplt           0x00007870        0x0
 .iplt          0x00007870        0x0 ./utilities/fsl_debug_console.o

.rel.dyn        0x00007870        0x0
 .rel.iplt      0x00007870        0x0 ./utilities/fsl_debug_console.o

.m_usb_data
 *(SORT_BY_ALIGNMENT(m_usb_bdt))

.data_RAM2      0x1fff0000        0x0 load address 0x00007870
 FILL mask 0xff
                [!provide]                PROVIDE (__start_data_RAM2 = .)
                [!provide]                PROVIDE (__start_data_SRAM_LOWER = .)
 *(SORT_BY_ALIGNMENT(.ramfunc.$RAM2))
 *(SORT_BY_ALIGNMENT(.ramfunc.$SRAM_LOWER))
 *(SORT_BY_ALIGNMENT(.data.$RAM2))
 *(SORT_BY_ALIGNMENT(.data.$SRAM_LOWER))
 *(SORT_BY_ALIGNMENT(.data.$RAM2.*))
 *(SORT_BY_ALIGNMENT(.data.$SRAM_LOWER.*))
                0x1fff0000                . = ALIGN (0x8)
                [!provide]                PROVIDE (__end_data_RAM2 = .)
                [!provide]                PROVIDE (__end_data_SRAM_LOWER = .)

.data_RAM3      0x14000000        0x0 load address 0x00007870
 FILL mask 0xff
                [!provide]                PROVIDE (__start_data_RAM3 = .)
                [!provide]                PROVIDE (__start_data_FLEX_RAM = .)
 *(SORT_BY_ALIGNMENT(.ramfunc.$RAM3))
 *(SORT_BY_ALIGNMENT(.ramfunc.$FLEX_RAM))
 *(SORT_BY_ALIGNMENT(.data.$RAM3))
 *(SORT_BY_ALIGNMENT(.data.$FLEX_RAM))
 *(SORT_BY_ALIGNMENT(.data.$RAM3.*))
 *(SORT_BY_ALIGNMENT(.data.$FLEX_RAM.*))
                0x14000000                . = ALIGN (0x8)
                [!provide]                PROVIDE (__end_data_RAM3 = .)
                [!provide]                PROVIDE (__end_data_FLEX_RAM = .)

.uninit_RESERVED
                0x20000000        0x0
                0x20000000                _start_uninit_RESERVED = .
 *(SORT_BY_ALIGNMENT(.bss.$RESERVED*))
                0x20000000                . = ALIGN (0x8)
                0x20000000                _end_uninit_RESERVED = .

.data           0x20000000      0x380 load address 0x00007870
 FILL mask 0xff
                0x20000000                _data = .
                [!provide]                PROVIDE (__start_data_RAM = .)
                [!provide]                PROVIDE (__start_data_SRAM_UPPER = .)
 *(SORT_BY_ALIGNMENT(vtable))
 *(SORT_BY_ALIGNMENT(.ramfunc*))
 *(SORT_BY_ALIGNMENT(CodeQuickAccess))
 *(SORT_BY_ALIGNMENT(DataQuickAccess))
 *(SORT_BY_ALIGNMENT(RamFunction))
 *(SORT_BY_ALIGNMENT(.data*))
 .data.Song_of_the_storm_note
                0x20000000       0x5c ./source/MUSIC_album.o
                0x20000000                Song_of_the_storm_note
 .data.default_note
                0x2000005c       0x1c ./source/MUSIC_gen.o
                0x2000005c                default_note
 .data.g_current_music
                0x20000078        0x8 ./source/MUSIC_gen.o
                0x20000078                g_current_music
 .data.Robot    0x20000080      0x200 ./source/Tamagotchi_skin.o
                0x20000080                Robot
 .data.uxCriticalNesting
                0x20000280        0x4 ./freertos/freertos_kernel/portable/GCC/ARM_CM4F/port.o
 .data.uxTopUsedPriority
                0x20000284        0x4 ./freertos/freertos_kernel/tasks.o
                0x20000284                uxTopUsedPriority
 .data.s_slowIrcFreq
                0x20000288        0x4 ./drivers/fsl_clock.o
 .data.s_fastIrcFreq
                0x2000028c        0x4 ./drivers/fsl_clock.o
 .data.SystemCoreClock
                0x20000290        0x4 ./device/system_MK66F18.o
                0x20000290                SystemCoreClock
 .data._random_j
                0x20000294        0x4 c:/nxp/mcuxpressoide_11.6.0_8187/ide/plugins/com.nxp.mcuxpresso.tools.win32_11.6.0.202112161359/tools/bin/../lib/gcc/arm-none-eabi/10.3.1/../../../../arm-none-eabi/lib/thumb/v7e-m+fp/hard\libcr_c.a(stdlib.o)
 .data._random_k
                0x20000298        0x4 c:/nxp/mcuxpressoide_11.6.0_8187/ide/plugins/com.nxp.mcuxpresso.tools.win32_11.6.0.202112161359/tools/bin/../lib/gcc/arm-none-eabi/10.3.1/../../../../arm-none-eabi/lib/thumb/v7e-m+fp/hard\libcr_c.a(stdlib.o)
 .data._random_number_seed
                0x2000029c       0xdc c:/nxp/mcuxpressoide_11.6.0_8187/ide/plugins/com.nxp.mcuxpresso.tools.win32_11.6.0.202112161359/tools/bin/../lib/gcc/arm-none-eabi/10.3.1/../../../../arm-none-eabi/lib/thumb/v7e-m+fp/hard\libcr_c.a(stdlib.o)
 .data.g_volume
                0x20000378        0x1 ./source/MUSIC_gen.o
                0x20000378                g_volume
 .data.x        0x20000379        0x1 ./source/Tamagotchi_char.o
 .data.y        0x2000037a        0x1 ./source/Tamagotchi_char.o
                0x20000380                . = ALIGN (0x8)
 *fill*         0x2000037b        0x5 ff
                0x20000380                _edata = .
                [!provide]                PROVIDE (__end_data_RAM = .)
                [!provide]                PROVIDE (__end_data_SRAM_UPPER = .)

.igot.plt       0x20000380        0x0 load address 0x00007bf0
 .igot.plt      0x20000380        0x0 ./utilities/fsl_debug_console.o

.bss_RAM2       0x1fff0000        0x0
                [!provide]                PROVIDE (__start_bss_RAM2 = .)
                [!provide]                PROVIDE (__start_bss_SRAM_LOWER = .)
 *(SORT_BY_ALIGNMENT(.bss.$RAM2))
 *(SORT_BY_ALIGNMENT(.bss.$SRAM_LOWER))
 *(SORT_BY_ALIGNMENT(.bss.$RAM2.*))
 *(SORT_BY_ALIGNMENT(.bss.$SRAM_LOWER.*))
                0x1fff0000                . = ALIGN ((. != 0x0)?0x8:0x1)
                [!provide]                PROVIDE (__end_bss_RAM2 = .)
                [!provide]                PROVIDE (__end_bss_SRAM_LOWER = .)

.bss_RAM3       0x14000000        0x0
                [!provide]                PROVIDE (__start_bss_RAM3 = .)
                [!provide]                PROVIDE (__start_bss_FLEX_RAM = .)
 *(SORT_BY_ALIGNMENT(.bss.$RAM3))
 *(SORT_BY_ALIGNMENT(.bss.$FLEX_RAM))
 *(SORT_BY_ALIGNMENT(.bss.$RAM3.*))
 *(SORT_BY_ALIGNMENT(.bss.$FLEX_RAM.*))
                0x14000000                . = ALIGN ((. != 0x0)?0x8:0x1)
                [!provide]                PROVIDE (__end_bss_RAM3 = .)
                [!provide]                PROVIDE (__end_bss_FLEX_RAM = .)

.bss            0x20000380     0x2af8
                0x20000380                _bss = .
                [!provide]                PROVIDE (__start_bss_RAM = .)
                [!provide]                PROVIDE (__start_bss_SRAM_UPPER = .)
 *(SORT_BY_ALIGNMENT(.bss*))
 .bss.s_debugConsoleState
                0x20000380       0x20 ./utilities/fsl_debug_console.o
 .bss.g_serialHandle
                0x200003a0        0x4 ./utilities/fsl_debug_console.o
                0x200003a0                g_serialHandle
 .bss.g_spi_sem
                0x200003a4        0x4 ./source/LCD_nokia.o
                0x200003a4                g_spi_sem
 .bss.pet       0x200003a8       0x10 ./source/Tamagotchi_char.o
 .bss.ucHeap    0x200003b8     0x2800 ./freertos/freertos_kernel/portable/MemMang/heap_4.o
 .bss.xStart    0x20002bb8        0x8 ./freertos/freertos_kernel/portable/MemMang/heap_4.o
 .bss.pxEnd     0x20002bc0        0x4 ./freertos/freertos_kernel/portable/MemMang/heap_4.o
 .bss.xFreeBytesRemaining
                0x20002bc4        0x4 ./freertos/freertos_kernel/portable/MemMang/heap_4.o
 .bss.xMinimumEverFreeBytesRemaining
                0x20002bc8        0x4 ./freertos/freertos_kernel/portable/MemMang/heap_4.o
 .bss.xNumberOfSuccessfulAllocations
                0x20002bcc        0x4 ./freertos/freertos_kernel/portable/MemMang/heap_4.o
 .bss.xNumberOfSuccessfulFrees
                0x20002bd0        0x4 ./freertos/freertos_kernel/portable/MemMang/heap_4.o
 .bss.xBlockAllocatedBit
                0x20002bd4        0x4 ./freertos/freertos_kernel/portable/MemMang/heap_4.o
 .bss.ulMaxPRIGROUPValue
                0x20002bd8        0x4 ./freertos/freertos_kernel/portable/GCC/ARM_CM4F/port.o
 .bss.xQueueRegistry
                0x20002bdc       0x40 ./freertos/freertos_kernel/queue.o
                0x20002bdc                xQueueRegistry
 .bss.pxCurrentTCB
                0x20002c1c        0x4 ./freertos/freertos_kernel/tasks.o
                0x20002c1c                pxCurrentTCB
 .bss.pxReadyTasksLists
                0x20002c20       0x64 ./freertos/freertos_kernel/tasks.o
 .bss.xDelayedTaskList1
                0x20002c84       0x14 ./freertos/freertos_kernel/tasks.o
 .bss.xDelayedTaskList2
                0x20002c98       0x14 ./freertos/freertos_kernel/tasks.o
 .bss.pxDelayedTaskList
                0x20002cac        0x4 ./freertos/freertos_kernel/tasks.o
 .bss.pxOverflowDelayedTaskList
                0x20002cb0        0x4 ./freertos/freertos_kernel/tasks.o
 .bss.xPendingReadyList
                0x20002cb4       0x14 ./freertos/freertos_kernel/tasks.o
 .bss.xTasksWaitingTermination
                0x20002cc8       0x14 ./freertos/freertos_kernel/tasks.o
 .bss.uxDeletedTasksWaitingCleanUp
                0x20002cdc        0x4 ./freertos/freertos_kernel/tasks.o
 .bss.xSuspendedTaskList
                0x20002ce0       0x14 ./freertos/freertos_kernel/tasks.o
 .bss.uxCurrentNumberOfTasks
                0x20002cf4        0x4 ./freertos/freertos_kernel/tasks.o
 .bss.xTickCount
                0x20002cf8        0x4 ./freertos/freertos_kernel/tasks.o
 .bss.uxTopReadyPriority
                0x20002cfc        0x4 ./freertos/freertos_kernel/tasks.o
 .bss.xSchedulerRunning
                0x20002d00        0x4 ./freertos/freertos_kernel/tasks.o
 .bss.xPendedTicks
                0x20002d04        0x4 ./freertos/freertos_kernel/tasks.o
 .bss.xYieldPending
                0x20002d08        0x4 ./freertos/freertos_kernel/tasks.o
 .bss.xNumOfOverflows
                0x20002d0c        0x4 ./freertos/freertos_kernel/tasks.o
 .bss.uxTaskNumber
                0x20002d10        0x4 ./freertos/freertos_kernel/tasks.o
 .bss.xNextTaskUnblockTime
                0x20002d14        0x4 ./freertos/freertos_kernel/tasks.o
 .bss.xIdleTaskHandle
                0x20002d18        0x4 ./freertos/freertos_kernel/tasks.o
 .bss.uxSchedulerSuspended
                0x20002d1c        0x4 ./freertos/freertos_kernel/tasks.o
 .bss.xActiveTimerList1
                0x20002d20       0x14 ./freertos/freertos_kernel/timers.o
 .bss.xActiveTimerList2
                0x20002d34       0x14 ./freertos/freertos_kernel/timers.o
 .bss.pxCurrentTimerList
                0x20002d48        0x4 ./freertos/freertos_kernel/timers.o
 .bss.pxOverflowTimerList
                0x20002d4c        0x4 ./freertos/freertos_kernel/timers.o
 .bss.xTimerQueue
                0x20002d50        0x4 ./freertos/freertos_kernel/timers.o
 .bss.xTimerTaskHandle
                0x20002d54        0x4 ./freertos/freertos_kernel/timers.o
 .bss.xLastTime.0
                0x20002d58        0x4 ./freertos/freertos_kernel/timers.o
 .bss.s_extPllFreq
                0x20002d5c        0x4 ./drivers/fsl_clock.o
 .bss.g_xtal0Freq
                0x20002d60        0x4 ./drivers/fsl_clock.o
                0x20002d60                g_xtal0Freq
 .bss.g_xtal32Freq
                0x20002d64        0x4 ./drivers/fsl_clock.o
                0x20002d64                g_xtal32Freq
 .bss.g_dspiHandle
                0x20002d68        0xc ./drivers/fsl_dspi.o
 .bss.s_dspiMasterIsr
                0x20002d74        0x4 ./drivers/fsl_dspi.o
 .bss.s_dspiSlaveIsr
                0x20002d78        0x4 ./drivers/fsl_dspi.o
 .bss.g_dspiDummyData
                0x20002d7c        0x3 ./drivers/fsl_dspi.o
                0x20002d7c                g_dspiDummyData
 *fill*         0x20002d7f        0x1 
 .bss.s_i2cHandle
                0x20002d80       0x10 ./drivers/fsl_i2c.o
 .bss.s_i2cMasterIsr
                0x20002d90        0x4 ./drivers/fsl_i2c.o
 .bss.s_i2cSlaveIsr
                0x20002d94        0x4 ./drivers/fsl_i2c.o
 .bss.s_uartHandle
                0x20002d98       0x14 ./drivers/fsl_uart.o
                0x20002d98                s_uartHandle
 .bss.s_uartIsr
                0x20002dac        0x4 ./drivers/fsl_uart.o
                0x20002dac                s_uartIsr
 .bss.__Ciob    0x20002db0       0xb4 c:/nxp/mcuxpressoide_11.6.0_8187/ide/plugins/com.nxp.mcuxpresso.tools.win32_11.6.0.202112161359/tools/bin/../lib/gcc/arm-none-eabi/10.3.1/../../../../arm-none-eabi/lib/thumb/v7e-m+fp/hard\libcr_nohost_nf.a(__ciob.o)
                0x20002db0                __Ciob
 .bss.errno     0x20002e64        0x4 c:/nxp/mcuxpressoide_11.6.0_8187/ide/plugins/com.nxp.mcuxpresso.tools.win32_11.6.0.202112161359/tools/bin/../lib/gcc/arm-none-eabi/10.3.1/../../../../arm-none-eabi/lib/thumb/v7e-m+fp/hard\libcr_c.a(errno.o)
                0x20002e64                errno
 .bss.__end_of_heap
                0x20002e68        0x4 c:/nxp/mcuxpressoide_11.6.0_8187/ide/plugins/com.nxp.mcuxpresso.tools.win32_11.6.0.202112161359/tools/bin/../lib/gcc/arm-none-eabi/10.3.1/../../../../arm-none-eabi/lib/thumb/v7e-m+fp/hard\libcr_c.a(__init_alloc.o)
                0x20002e68                __end_of_heap
 .bss.__heaps   0x20002e6c        0x4 c:/nxp/mcuxpressoide_11.6.0_8187/ide/plugins/com.nxp.mcuxpresso.tools.win32_11.6.0.202112161359/tools/bin/../lib/gcc/arm-none-eabi/10.3.1/../../../../arm-none-eabi/lib/thumb/v7e-m+fp/hard\libcr_c.a(__init_alloc.o)
                0x20002e6c                __heaps
 .bss.g_music_time
                0x20002e70        0x2 ./source/MUSIC_gen.o
                0x20002e70                g_music_time
 .bss.selector  0x20002e72        0x1 ./source/Tamagotchi_char.o
 .bss.current_state.1
                0x20002e73        0x1 ./source/Tamagotchi_char.o
 .bss.cont.0    0x20002e74        0x1 ./source/Tamagotchi_char.o
 .bss.ucMaxSysCallPriority
                0x20002e75        0x1 ./freertos/freertos_kernel/portable/GCC/ARM_CM4F/port.o
 *(SORT_BY_ALIGNMENT(COMMON))
                0x20002e78                . = ALIGN (0x8)
 *fill*         0x20002e76        0x2 
                0x20002e78                _ebss = .
                [!provide]                PROVIDE (__end_bss_RAM = .)
                [!provide]                PROVIDE (__end_bss_SRAM_UPPER = .)
                [!provide]                PROVIDE (end = .)

.noinit_RAM2    0x1fff0000        0x0
                [!provide]                PROVIDE (__start_noinit_RAM2 = .)
                [!provide]                PROVIDE (__start_noinit_SRAM_LOWER = .)
 *(SORT_BY_ALIGNMENT(.noinit.$RAM2))
 *(SORT_BY_ALIGNMENT(.noinit.$SRAM_LOWER))
 *(SORT_BY_ALIGNMENT(.noinit.$RAM2.*))
 *(SORT_BY_ALIGNMENT(.noinit.$SRAM_LOWER.*))
                0x1fff0000                . = ALIGN (0x8)
                [!provide]                PROVIDE (__end_noinit_RAM2 = .)
                [!provide]                PROVIDE (__end_noinit_SRAM_LOWER = .)

.noinit_RAM3    0x14000000        0x0
                [!provide]                PROVIDE (__start_noinit_RAM3 = .)
                [!provide]                PROVIDE (__start_noinit_FLEX_RAM = .)
 *(SORT_BY_ALIGNMENT(.noinit.$RAM3))
 *(SORT_BY_ALIGNMENT(.noinit.$FLEX_RAM))
 *(SORT_BY_ALIGNMENT(.noinit.$RAM3.*))
 *(SORT_BY_ALIGNMENT(.noinit.$FLEX_RAM.*))
                0x14000000                . = ALIGN (0x8)
                [!provide]                PROVIDE (__end_noinit_RAM3 = .)
                [!provide]                PROVIDE (__end_noinit_FLEX_RAM = .)

.noinit         0x20002e78        0x0
                0x20002e78                _noinit = .
                [!provide]                PROVIDE (__start_noinit_RAM = .)
                [!provide]                PROVIDE (__start_noinit_SRAM_UPPER = .)
 *(SORT_BY_ALIGNMENT(.noinit*))
                0x20002e78                . = ALIGN (0x8)
                0x20002e78                _end_noinit = .
                [!provide]                PROVIDE (__end_noinit_RAM = .)
                [!provide]                PROVIDE (__end_noinit_SRAM_UPPER = .)

.ARM.extab
 *(SORT_BY_ALIGNMENT(.ARM.extab*) SORT_BY_ALIGNMENT(.gnu.linkonce.armextab.*))

.ARM.exidx      0x00007bf0        0x0
                0x00007bf0                __exidx_start = .
 *(SORT_BY_ALIGNMENT(.ARM.exidx*) SORT_BY_ALIGNMENT(.gnu.linkonce.armexidx.*))
                0x00007bf0                __exidx_end = .
                0x00001000                _HeapSize = 0x1000

.heap           0x20002e78     0x1000
                0x20002e78                _pvHeapStart = .
                0x20003e78                . = (. + _HeapSize)
 *fill*         0x20002e78     0x1000 
                0x20003e78                . = ALIGN (0x8)
                0x20003e78                _pvHeapLimit = .
                0x00001000                _StackSize = 0x1000

.heap2stackfill
                0x20003e78     0x1000
                0x20004e78                . = (. + _StackSize)
 *fill*         0x20003e78     0x1000 

.stack          0x2002f000        0x0
                0x2002f000                _vStackBase = .
                0x2002f000                . = ALIGN (0x8)
                0x20030000                _vStackTop = (. + _StackSize)
                0x00000000                _image_start = LOADADDR (.text)
                0x00007bf0                _image_end = (LOADADDR (.data) + SIZEOF (.data))
                0x00007bf0                _image_size = (_image_end - _image_start)
OUTPUT(Proyecto_embebidos_2.axf elf32-littlearm)
LOAD linker stubs

.debug_info     0x00000000    0x17dec
 .debug_info    0x00000000      0xc2b ./utilities/fsl_debug_console.o
 .debug_info    0x00000c2b      0xafc ./utilities/fsl_str.o
 .debug_info    0x00001727      0xa44 ./startup/startup_mk66f18.o
 .debug_info    0x0000216b      0x7fe ./source/FTM_pwm.o
 .debug_info    0x00002969      0xd0f ./source/LCD_nokia.o
 .debug_info    0x00003678      0x1f4 ./source/MUSIC_album.o
 .debug_info    0x0000386c      0xc49 ./source/MUSIC_gen.o
 .debug_info    0x000044b5      0xb63 ./source/SPI.o
 .debug_info    0x00005018      0x477 ./source/Tamagotchi_char.o
 .debug_info    0x0000548f      0x203 ./source/Tamagotchi_skin.o
 .debug_info    0x00005692      0x353 ./source/main.o
 .debug_info    0x000059e5       0x3c ./source/semihost_hardfault.o
 .debug_info    0x00005a21      0x4c1 ./freertos/freertos_kernel/portable/MemMang/heap_4.o
 .debug_info    0x00005ee2      0x4d9 ./freertos/freertos_kernel/portable/GCC/ARM_CM4F/port.o
 .debug_info    0x000063bb      0x2be ./freertos/freertos_kernel/list.o
 .debug_info    0x00006679     0x1725 ./freertos/freertos_kernel/queue.o
 .debug_info    0x00007d9e     0x21a8 ./freertos/freertos_kernel/tasks.o
 .debug_info    0x00009f46      0xe72 ./freertos/freertos_kernel/timers.o
 .debug_info    0x0000adb8     0x2950 ./drivers/fsl_clock.o
 .debug_info    0x0000d708     0x2685 ./drivers/fsl_dspi.o
 .debug_info    0x0000fd8d     0x16db ./drivers/fsl_ftm.o
 .debug_info    0x00011468      0x69c ./drivers/fsl_gpio.o
 .debug_info    0x00011b04     0x1f53 ./drivers/fsl_i2c.o
 .debug_info    0x00013a57     0x209e ./drivers/fsl_uart.o
 .debug_info    0x00015af5      0xa4e ./device/system_MK66F18.o
 .debug_info    0x00016543      0xb37 ./component/uart/fsl_adapter_uart.o
 .debug_info    0x0001707a      0x900 ./component/serial_manager/fsl_component_serial_manager.o
 .debug_info    0x0001797a      0x472 ./component/serial_manager/fsl_component_serial_port_uart.o

.debug_abbrev   0x00000000     0x381e
 .debug_abbrev  0x00000000      0x232 ./utilities/fsl_debug_console.o
 .debug_abbrev  0x00000232      0x24d ./utilities/fsl_str.o
 .debug_abbrev  0x0000047f      0x185 ./startup/startup_mk66f18.o
 .debug_abbrev  0x00000604      0x194 ./source/FTM_pwm.o
 .debug_abbrev  0x00000798      0x241 ./source/LCD_nokia.o
 .debug_abbrev  0x000009d9       0xa9 ./source/MUSIC_album.o
 .debug_abbrev  0x00000a82      0x243 ./source/MUSIC_gen.o
 .debug_abbrev  0x00000cc5      0x1fd ./source/SPI.o
 .debug_abbrev  0x00000ec2      0x176 ./source/Tamagotchi_char.o
 .debug_abbrev  0x00001038       0xb2 ./source/Tamagotchi_skin.o
 .debug_abbrev  0x000010ea      0x130 ./source/main.o
 .debug_abbrev  0x0000121a       0x31 ./source/semihost_hardfault.o
 .debug_abbrev  0x0000124b      0x1d7 ./freertos/freertos_kernel/portable/MemMang/heap_4.o
 .debug_abbrev  0x00001422      0x231 ./freertos/freertos_kernel/portable/GCC/ARM_CM4F/port.o
 .debug_abbrev  0x00001653       0xf2 ./freertos/freertos_kernel/list.o
 .debug_abbrev  0x00001745      0x278 ./freertos/freertos_kernel/queue.o
 .debug_abbrev  0x000019bd      0x2d7 ./freertos/freertos_kernel/tasks.o
 .debug_abbrev  0x00001c94      0x24b ./freertos/freertos_kernel/timers.o
 .debug_abbrev  0x00001edf      0x362 ./drivers/fsl_clock.o
 .debug_abbrev  0x00002241      0x381 ./drivers/fsl_dspi.o
 .debug_abbrev  0x000025c2      0x290 ./drivers/fsl_ftm.o
 .debug_abbrev  0x00002852      0x186 ./drivers/fsl_gpio.o
 .debug_abbrev  0x000029d8      0x363 ./drivers/fsl_i2c.o
 .debug_abbrev  0x00002d3b      0x42e ./drivers/fsl_uart.o
 .debug_abbrev  0x00003169      0x148 ./device/system_MK66F18.o
 .debug_abbrev  0x000032b1      0x1c9 ./component/uart/fsl_adapter_uart.o
 .debug_abbrev  0x0000347a      0x23d ./component/serial_manager/fsl_component_serial_manager.o
 .debug_abbrev  0x000036b7      0x167 ./component/serial_manager/fsl_component_serial_port_uart.o

.debug_aranges  0x00000000     0x1648
 .debug_aranges
                0x00000000       0xa8 ./utilities/fsl_debug_console.o
 .debug_aranges
                0x000000a8       0xb8 ./utilities/fsl_str.o
 .debug_aranges
                0x00000160      0x3a0 ./startup/startup_mk66f18.o
 .debug_aranges
                0x00000500       0x58 ./source/FTM_pwm.o
 .debug_aranges
                0x00000558       0x78 ./source/LCD_nokia.o
 .debug_aranges
                0x000005d0       0x18 ./source/MUSIC_album.o
 .debug_aranges
                0x000005e8       0x48 ./source/MUSIC_gen.o
 .debug_aranges
                0x00000630       0x38 ./source/SPI.o
 .debug_aranges
                0x00000668       0x60 ./source/Tamagotchi_char.o
 .debug_aranges
                0x000006c8       0x18 ./source/Tamagotchi_skin.o
 .debug_aranges
                0x000006e0       0x38 ./source/main.o
 .debug_aranges
                0x00000718       0x20 ./source/semihost_hardfault.o
 .debug_aranges
                0x00000738       0x58 ./freertos/freertos_kernel/portable/MemMang/heap_4.o
 .debug_aranges
                0x00000790       0x80 ./freertos/freertos_kernel/portable/GCC/ARM_CM4F/port.o
 .debug_aranges
                0x00000810       0x40 ./freertos/freertos_kernel/list.o
 .debug_aranges
                0x00000850      0x130 ./freertos/freertos_kernel/queue.o
 .debug_aranges
                0x00000980      0x208 ./freertos/freertos_kernel/tasks.o
 .debug_aranges
                0x00000b88       0xe8 ./freertos/freertos_kernel/timers.o
 .debug_aranges
                0x00000c70      0x258 ./drivers/fsl_clock.o
 .debug_aranges
                0x00000ec8      0x1d8 ./drivers/fsl_dspi.o
 .debug_aranges